Component: ARM Compiler 5.06 update 1 (build 61) Tool: armlink [4d35a8]

==============================================================================

Section Cross References

    main.o(i.main) refers to switch.o(i.tTaskSchedInit) for tTaskSchedInit
    main.o(i.main) refers to switch.o(i.tTaskDelayedListInit) for tTaskDelayedListInit
    main.o(i.main) refers to app.o(i.tAppInit) for tAppInit
    main.o(i.main) refers to switch.o(i.tTaskHighestReady) for tTaskHighestReady
    main.o(i.main) refers to switch.o(i.tTaskRunFirst) for tTaskRunFirst
    main.o(i.main) refers to main.o(.data) for nextTask
    main.o(.data) refers to main.o(.bss) for task_delay_head_node
    switch.o(.emb_text) refers to main.o(.data) for currentTask
    switch.o(i.tTaskDelayedListInit) refers to tlist.o(i.tListInit) for tListInit
    switch.o(i.tTaskDelayedListInit) refers to main.o(.data) for tTaskDelayedList
    switch.o(i.tTaskHighestReady) refers to tlib.o(i.tBitmapGetFirstSet) for tBitmapGetFirstSet
    switch.o(i.tTaskHighestReady) refers to tlist.o(i.tListFirst) for tListFirst
    switch.o(i.tTaskHighestReady) refers to main.o(.data) for taskPrioBitmap
    switch.o(i.tTaskHighestReady) refers to main.o(.bss) for taskTable
    switch.o(i.tTaskSched) refers to switch.o(i.tTaskEnterCritical) for tTaskEnterCritical
    switch.o(i.tTaskSched) refers to switch.o(i.tTaskExitCritical) for tTaskExitCritical
    switch.o(i.tTaskSched) refers to switch.o(i.tTaskHighestReady) for tTaskHighestReady
    switch.o(i.tTaskSched) refers to switch.o(i.tTaskSwitch) for tTaskSwitch
    switch.o(i.tTaskSched) refers to main.o(.data) for schedLockCount
    switch.o(i.tTaskSchedDisable) refers to switch.o(i.tTaskEnterCritical) for tTaskEnterCritical
    switch.o(i.tTaskSchedDisable) refers to switch.o(i.tTaskExitCritical) for tTaskExitCritical
    switch.o(i.tTaskSchedDisable) refers to main.o(.data) for schedLockCount
    switch.o(i.tTaskSchedEnable) refers to switch.o(i.tTaskEnterCritical) for tTaskEnterCritical
    switch.o(i.tTaskSchedEnable) refers to switch.o(i.tTaskSched) for tTaskSched
    switch.o(i.tTaskSchedEnable) refers to switch.o(i.tTaskExitCritical) for tTaskExitCritical
    switch.o(i.tTaskSchedEnable) refers to main.o(.data) for schedLockCount
    switch.o(i.tTaskSchedInit) refers to tlib.o(i.tBitmapInit) for tBitmapInit
    switch.o(i.tTaskSchedInit) refers to tlist.o(i.tListInit) for tListInit
    switch.o(i.tTaskSchedInit) refers to main.o(.data) for schedLockCount
    switch.o(i.tTaskSchedInit) refers to main.o(.bss) for similar_prio_task_head_node
    switch.o(i.tTaskSchedRdy) refers to tlist.o(i.tListAddFirst) for tListAddFirst
    switch.o(i.tTaskSchedRdy) refers to tlib.o(i.tBitmapSet) for tBitmapSet
    switch.o(i.tTaskSchedRdy) refers to main.o(.bss) for taskTable
    switch.o(i.tTaskSchedRdy) refers to main.o(.data) for taskPrioBitmap
    switch.o(i.tTaskSchedUnRdy) refers to tlist.o(i.tListRemove) for tListRemove
    switch.o(i.tTaskSchedUnRdy) refers to tlist.o(i.tListCount) for tListCount
    switch.o(i.tTaskSchedUnRdy) refers to tlib.o(i.tBitmapClear) for tBitmapClear
    switch.o(i.tTaskSchedUnRdy) refers to main.o(.bss) for taskTable
    switch.o(i.tTaskSchedUnRdy) refers to main.o(.data) for taskPrioBitmap
    switch.o(i.tTaskSystemTickHandler) refers to switch.o(i.tTaskEnterCritical) for tTaskEnterCritical
    switch.o(i.tTaskSystemTickHandler) refers to switch.o(i.tTimeTaskWaitUp) for tTimeTaskWaitUp
    switch.o(i.tTaskSystemTickHandler) refers to switch.o(i.tTaskSchedRdy) for tTaskSchedRdy
    switch.o(i.tTaskSystemTickHandler) refers to tlist.o(i.tListCount) for tListCount
    switch.o(i.tTaskSystemTickHandler) refers to tlist.o(i.tListRemoveFirst) for tListRemoveFirst
    switch.o(i.tTaskSystemTickHandler) refers to tlist.o(i.tListAddLast) for tListAddLast
    switch.o(i.tTaskSystemTickHandler) refers to switch.o(i.tTaskExitCritical) for tTaskExitCritical
    switch.o(i.tTaskSystemTickHandler) refers to switch.o(i.tTaskSched) for tTaskSched
    switch.o(i.tTaskSystemTickHandler) refers to main.o(.data) for tTaskDelayedList
    switch.o(i.tTaskSystemTickHandler) refers to main.o(.bss) for taskTable
    switch.o(i.tTimeTaskWait) refers to tlist.o(i.tListAddLast) for tListAddLast
    switch.o(i.tTimeTaskWait) refers to main.o(.data) for tTaskDelayedList
    switch.o(i.tTimeTaskWaitUp) refers to tlist.o(i.tListRemove) for tListRemove
    switch.o(i.tTimeTaskWaitUp) refers to main.o(.data) for tTaskDelayedList
    tlib.o(i.tBitmapGetFirstSet) refers to tlib.o(.constdata) for quickFindTable
    tcpu.o(i.SysTick_Handler) refers to switch.o(i.tTaskSystemTickHandler) for tTaskSystemTickHandler
    tcpu.o(i.tSetSysTickPeriod) refers to system_armcm3.o(.data) for SystemCoreClock
    ttask.o(i.tTaskInit) refers to tlist.o(i.tNodeInit) for tNodeInit
    ttask.o(i.tTaskInit) refers to tlist.o(i.tListAddFirst) for tListAddFirst
    ttask.o(i.tTaskInit) refers to tlib.o(i.tBitmapSet) for tBitmapSet
    ttask.o(i.tTaskInit) refers to main.o(.bss) for taskTable
    ttask.o(i.tTaskInit) refers to main.o(.data) for taskPrioBitmap
    ttask.o(i.tTaskSuspend) refers to switch.o(i.tTaskEnterCritical) for tTaskEnterCritical
    ttask.o(i.tTaskSuspend) refers to switch.o(i.tTaskSchedUnRdy) for tTaskSchedUnRdy
    ttask.o(i.tTaskSuspend) refers to switch.o(i.tTaskSched) for tTaskSched
    ttask.o(i.tTaskSuspend) refers to switch.o(i.tTaskExitCritical) for tTaskExitCritical
    ttask.o(i.tTaskSuspend) refers to main.o(.data) for currentTask
    ttask.o(i.tTaskWakeUP) refers to switch.o(i.tTaskEnterCritical) for tTaskEnterCritical
    ttask.o(i.tTaskWakeUP) refers to switch.o(i.tTaskSchedRdy) for tTaskSchedRdy
    ttask.o(i.tTaskWakeUP) refers to switch.o(i.tTaskSched) for tTaskSched
    ttask.o(i.tTaskWakeUP) refers to switch.o(i.tTaskExitCritical) for tTaskExitCritical
    ttime.o(i.tTaskDelay) refers to switch.o(i.tTaskEnterCritical) for tTaskEnterCritical
    ttime.o(i.tTaskDelay) refers to switch.o(i.tTimeTaskWait) for tTimeTaskWait
    ttime.o(i.tTaskDelay) refers to switch.o(i.tTaskSchedUnRdy) for tTaskSchedUnRdy
    ttime.o(i.tTaskDelay) refers to switch.o(i.tTaskExitCritical) for tTaskExitCritical
    ttime.o(i.tTaskDelay) refers to switch.o(i.tTaskSched) for tTaskSched
    ttime.o(i.tTaskDelay) refers to main.o(.data) for currentTask
    app.o(i.tAppInit) refers to ttask.o(i.tTaskInit) for tTaskInit
    app.o(i.tAppInit) refers to app.o(.bss) for task1Env
    app.o(i.tAppInit) refers to app.o(i.task1Entry) for task1Entry
    app.o(i.tAppInit) refers to app.o(i.task2Entry) for task2Entry
    app.o(i.tAppInit) refers to app.o(i.task3Entry) for task3Entry
    app.o(i.tAppInit) refers to app.o(i.IdleTaskEntry) for IdleTaskEntry
    app.o(i.task1Entry) refers to tcpu.o(i.tSetSysTickPeriod) for tSetSysTickPeriod
    app.o(i.task1Entry) refers to ttask.o(i.tTaskSuspend) for tTaskSuspend
    app.o(i.task1Entry) refers to app.o(.data) for task1Flag
    app.o(i.task1Entry) refers to main.o(.data) for currentTask
    app.o(i.task2Entry) refers to ttime.o(i.tTaskDelay) for tTaskDelay
    app.o(i.task2Entry) refers to ttask.o(i.tTaskWakeUP) for tTaskWakeUP
    app.o(i.task2Entry) refers to app.o(.data) for task2Flag
    app.o(i.task2Entry) refers to app.o(.bss) for tTask1
    app.o(i.task3Entry) refers to ttime.o(i.tTaskDelay) for tTaskDelay
    app.o(i.task3Entry) refers to app.o(.data) for task3Flag
    startup_armcm3.o(STACK) refers (Special) to heapauxi.o(.text) for __use_two_region_memory
    startup_armcm3.o(HEAP) refers (Special) to heapauxi.o(.text) for __use_two_region_memory
    startup_armcm3.o(RESET) refers (Special) to heapauxi.o(.text) for __use_two_region_memory
    startup_armcm3.o(RESET) refers to startup_armcm3.o(STACK) for __initial_sp
    startup_armcm3.o(RESET) refers to startup_armcm3.o(.text) for Reset_Handler
    startup_armcm3.o(RESET) refers to switch.o(.emb_text) for PendSV_Handler
    startup_armcm3.o(RESET) refers to tcpu.o(i.SysTick_Handler) for SysTick_Handler
    startup_armcm3.o(.text) refers (Special) to heapauxi.o(.text) for __use_two_region_memory
    startup_armcm3.o(.text) refers to system_armcm3.o(i.SystemInit) for SystemInit
    startup_armcm3.o(.text) refers to __main.o(!!!main) for __main
    startup_armcm3.o(.text) refers to startup_armcm3.o(HEAP) for Heap_Mem
    startup_armcm3.o(.text) refers to startup_armcm3.o(STACK) for Stack_Mem
    system_armcm3.o(i.SystemCoreClockUpdate) refers to system_armcm3.o(.data) for SystemCoreClock
    system_armcm3.o(i.SystemInit) refers to system_armcm3.o(.data) for SystemCoreClock
    __main.o(!!!main) refers to __rtentry.o(.ARM.Collect$$rtentry$$00000000) for __rt_entry
    __rtentry.o(.ARM.Collect$$rtentry$$00000000) refers (Special) to __rtentry2.o(.ARM.Collect$$rtentry$$0000000A) for __rt_entry_li
    __rtentry.o(.ARM.Collect$$rtentry$$00000000) refers (Special) to __rtentry2.o(.ARM.Collect$$rtentry$$0000000D) for __rt_entry_main
    __rtentry.o(.ARM.Collect$$rtentry$$00000000) refers (Special) to __rtentry2.o(.ARM.Collect$$rtentry$$0000000C) for __rt_entry_postli_1
    __rtentry.o(.ARM.Collect$$rtentry$$00000000) refers (Special) to __rtentry2.o(.ARM.Collect$$rtentry$$00000009) for __rt_entry_postsh_1
    __rtentry.o(.ARM.Collect$$rtentry$$00000000) refers (Special) to __rtentry2.o(.ARM.Collect$$rtentry$$00000002) for __rt_entry_presh_1
    __rtentry.o(.ARM.Collect$$rtentry$$00000000) refers (Special) to __rtentry4.o(.ARM.Collect$$rtentry$$00000004) for __rt_entry_sh
    __rtentry2.o(.ARM.Collect$$rtentry$$00000008) refers to boardinit2.o(.text) for _platform_post_stackheap_init
    __rtentry2.o(.ARM.Collect$$rtentry$$0000000A) refers to libinit.o(.ARM.Collect$$libinit$$00000000) for __rt_lib_init
    __rtentry2.o(.ARM.Collect$$rtentry$$0000000B) refers to boardinit3.o(.text) for _platform_post_lib_init
    __rtentry2.o(.ARM.Collect$$rtentry$$0000000D) refers to main.o(i.main) for main
    __rtentry2.o(.ARM.Collect$$rtentry$$0000000D) refers to exit.o(.text) for exit
    __rtentry2.o(.ARM.exidx) refers to __rtentry2.o(.ARM.Collect$$rtentry$$00000001) for .ARM.Collect$$rtentry$$00000001
    __rtentry2.o(.ARM.exidx) refers to __rtentry2.o(.ARM.Collect$$rtentry$$00000008) for .ARM.Collect$$rtentry$$00000008
    __rtentry2.o(.ARM.exidx) refers to __rtentry2.o(.ARM.Collect$$rtentry$$0000000A) for .ARM.Collect$$rtentry$$0000000A
    __rtentry2.o(.ARM.exidx) refers to __rtentry2.o(.ARM.Collect$$rtentry$$0000000B) for .ARM.Collect$$rtentry$$0000000B
    __rtentry2.o(.ARM.exidx) refers to __rtentry2.o(.ARM.Collect$$rtentry$$0000000D) for .ARM.Collect$$rtentry$$0000000D
    __rtentry4.o(.ARM.Collect$$rtentry$$00000004) refers to sys_stackheap_outer.o(.text) for __user_setup_stackheap
    __rtentry4.o(.ARM.exidx) refers to __rtentry4.o(.ARM.Collect$$rtentry$$00000004) for .ARM.Collect$$rtentry$$00000004
    sys_stackheap_outer.o(.text) refers to libspace.o(.text) for __user_perproc_libspace
    sys_stackheap_outer.o(.text) refers to startup_armcm3.o(.text) for __user_initial_stackheap
    exit.o(.text) refers to rtexit.o(.ARM.Collect$$rtexit$$00000000) for __rt_exit
    libinit.o(.ARM.Collect$$libinit$$00000000) refers (Special) to libinit2.o(.ARM.Collect$$libinit$$0000002E) for __rt_lib_init_alloca_1
    libinit.o(.ARM.Collect$$libinit$$00000000) refers (Special) to libinit2.o(.ARM.Collect$$libinit$$0000002C) for __rt_lib_init_argv_1
    libinit.o(.ARM.Collect$$libinit$$00000000) refers (Special) to libinit2.o(.ARM.Collect$$libinit$$0000001B) for __rt_lib_init_atexit_1
    libinit.o(.ARM.Collect$$libinit$$00000000) refers (Special) to libinit2.o(.ARM.Collect$$libinit$$00000021) for __rt_lib_init_clock_1
    libinit.o(.ARM.Collect$$libinit$$00000000) refers (Special) to libinit2.o(.ARM.Collect$$libinit$$00000032) for __rt_lib_init_cpp_1
    libinit.o(.ARM.Collect$$libinit$$00000000) refers (Special) to libinit2.o(.ARM.Collect$$libinit$$00000030) for __rt_lib_init_exceptions_1
    libinit.o(.ARM.Collect$$libinit$$00000000) refers (Special) to libinit2.o(.ARM.Collect$$libinit$$00000002) for __rt_lib_init_fp_1
    libinit.o(.ARM.Collect$$libinit$$00000000) refers (Special) to libinit2.o(.ARM.Collect$$libinit$$0000001F) for __rt_lib_init_fp_trap_1
    libinit.o(.ARM.Collect$$libinit$$00000000) refers (Special) to libinit2.o(.ARM.Collect$$libinit$$00000023) for __rt_lib_init_getenv_1
    libinit.o(.ARM.Collect$$libinit$$00000000) refers (Special) to libinit2.o(.ARM.Collect$$libinit$$0000000A) for __rt_lib_init_heap_1
    libinit.o(.ARM.Collect$$libinit$$00000000) refers (Special) to libinit2.o(.ARM.Collect$$libinit$$00000011) for __rt_lib_init_lc_collate_1
    libinit.o(.ARM.Collect$$libinit$$00000000) refers (Special) to libinit2.o(.ARM.Collect$$libinit$$00000013) for __rt_lib_init_lc_ctype_1
    libinit.o(.ARM.Collect$$libinit$$00000000) refers (Special) to libinit2.o(.ARM.Collect$$libinit$$00000015) for __rt_lib_init_lc_monetary_1
    libinit.o(.ARM.Collect$$libinit$$00000000) refers (Special) to libinit2.o(.ARM.Collect$$libinit$$00000017) for __rt_lib_init_lc_numeric_1
    libinit.o(.ARM.Collect$$libinit$$00000000) refers (Special) to libinit2.o(.ARM.Collect$$libinit$$00000019) for __rt_lib_init_lc_time_1
    libinit.o(.ARM.Collect$$libinit$$00000000) refers (Special) to libinit2.o(.ARM.Collect$$libinit$$00000004) for __rt_lib_init_preinit_1
    libinit.o(.ARM.Collect$$libinit$$00000000) refers (Special) to libinit2.o(.ARM.Collect$$libinit$$0000000E) for __rt_lib_init_rand_1
    libinit.o(.ARM.Collect$$libinit$$00000000) refers (Special) to libinit2.o(.ARM.Collect$$libinit$$00000033) for __rt_lib_init_return
    libinit.o(.ARM.Collect$$libinit$$00000000) refers (Special) to libinit2.o(.ARM.Collect$$libinit$$0000001D) for __rt_lib_init_signal_1
    libinit.o(.ARM.Collect$$libinit$$00000000) refers (Special) to libinit2.o(.ARM.Collect$$libinit$$00000025) for __rt_lib_init_stdio_1
    libinit.o(.ARM.Collect$$libinit$$00000000) refers (Special) to libinit2.o(.ARM.Collect$$libinit$$0000000C) for __rt_lib_init_user_alloc_1
    libspace.o(.text) refers to libspace.o(.bss) for __libspace_start
    rtexit.o(.ARM.Collect$$rtexit$$00000000) refers (Special) to rtexit2.o(.ARM.Collect$$rtexit$$00000004) for __rt_exit_exit
    rtexit.o(.ARM.Collect$$rtexit$$00000000) refers (Special) to rtexit2.o(.ARM.Collect$$rtexit$$00000003) for __rt_exit_ls
    rtexit.o(.ARM.Collect$$rtexit$$00000000) refers (Special) to rtexit2.o(.ARM.Collect$$rtexit$$00000002) for __rt_exit_prels_1
    rtexit.o(.ARM.exidx) refers (Special) to rtexit2.o(.ARM.Collect$$rtexit$$00000004) for __rt_exit_exit
    rtexit.o(.ARM.exidx) refers (Special) to rtexit2.o(.ARM.Collect$$rtexit$$00000003) for __rt_exit_ls
    rtexit.o(.ARM.exidx) refers (Special) to rtexit2.o(.ARM.Collect$$rtexit$$00000002) for __rt_exit_prels_1
    rtexit.o(.ARM.exidx) refers to rtexit.o(.ARM.Collect$$rtexit$$00000000) for .ARM.Collect$$rtexit$$00000000
    libinit2.o(.ARM.Collect$$libinit$$00000010) refers to libinit2.o(.ARM.Collect$$libinit$$0000000F) for .ARM.Collect$$libinit$$0000000F
    libinit2.o(.ARM.Collect$$libinit$$00000012) refers to libinit2.o(.ARM.Collect$$libinit$$0000000F) for .ARM.Collect$$libinit$$0000000F
    libinit2.o(.ARM.Collect$$libinit$$00000014) refers to libinit2.o(.ARM.Collect$$libinit$$0000000F) for .ARM.Collect$$libinit$$0000000F
    libinit2.o(.ARM.Collect$$libinit$$00000016) refers to libinit2.o(.ARM.Collect$$libinit$$0000000F) for .ARM.Collect$$libinit$$0000000F
    libinit2.o(.ARM.Collect$$libinit$$00000018) refers to libinit2.o(.ARM.Collect$$libinit$$0000000F) for .ARM.Collect$$libinit$$0000000F
    libinit2.o(.ARM.Collect$$libinit$$00000026) refers to argv_veneer.o(.emb_text) for __ARM_argv_veneer
    libinit2.o(.ARM.Collect$$libinit$$00000027) refers to argv_veneer.o(.emb_text) for __ARM_argv_veneer
    rtexit2.o(.ARM.Collect$$rtexit$$00000003) refers to libshutdown.o(.ARM.Collect$$libshutdown$$00000000) for __rt_lib_shutdown
    rtexit2.o(.ARM.Collect$$rtexit$$00000004) refers to sys_exit.o(.text) for _sys_exit
    rtexit2.o(.ARM.exidx) refers to rtexit2.o(.ARM.Collect$$rtexit$$00000001) for .ARM.Collect$$rtexit$$00000001
    rtexit2.o(.ARM.exidx) refers to rtexit2.o(.ARM.Collect$$rtexit$$00000003) for .ARM.Collect$$rtexit$$00000003
    rtexit2.o(.ARM.exidx) refers to rtexit2.o(.ARM.Collect$$rtexit$$00000004) for .ARM.Collect$$rtexit$$00000004
    argv_veneer.o(.emb_text) refers to no_argv.o(.text) for __ARM_get_argv
    sys_exit.o(.text) refers (Special) to use_no_semi.o(.text) for __I$use$semihosting
    sys_exit.o(.text) refers (Special) to indicate_semi.o(.text) for __semihosting_library_function
    _get_argv_nomalloc.o(.text) refers (Special) to hrguard.o(.text) for __heap_region$guard
    _get_argv_nomalloc.o(.text) refers to defsig_rtmem_outer.o(.text) for __rt_SIGRTMEM
    _get_argv_nomalloc.o(.text) refers to sys_command.o(.text) for _sys_command_string
    libshutdown.o(.ARM.Collect$$libshutdown$$00000000) refers (Special) to libshutdown2.o(.ARM.Collect$$libshutdown$$00000002) for __rt_lib_shutdown_cpp_1
    libshutdown.o(.ARM.Collect$$libshutdown$$00000000) refers (Special) to libshutdown2.o(.ARM.Collect$$libshutdown$$00000007) for __rt_lib_shutdown_fp_trap_1
    libshutdown.o(.ARM.Collect$$libshutdown$$00000000) refers (Special) to libshutdown2.o(.ARM.Collect$$libshutdown$$0000000F) for __rt_lib_shutdown_heap_1
    libshutdown.o(.ARM.Collect$$libshutdown$$00000000) refers (Special) to libshutdown2.o(.ARM.Collect$$libshutdown$$00000010) for __rt_lib_shutdown_return
    libshutdown.o(.ARM.Collect$$libshutdown$$00000000) refers (Special) to libshutdown2.o(.ARM.Collect$$libshutdown$$0000000A) for __rt_lib_shutdown_signal_1
    libshutdown.o(.ARM.Collect$$libshutdown$$00000000) refers (Special) to libshutdown2.o(.ARM.Collect$$libshutdown$$00000004) for __rt_lib_shutdown_stdio_1
    libshutdown.o(.ARM.Collect$$libshutdown$$00000000) refers (Special) to libshutdown2.o(.ARM.Collect$$libshutdown$$0000000C) for __rt_lib_shutdown_user_alloc_1
    sys_command.o(.text) refers (Special) to use_no_semi.o(.text) for __I$use$semihosting
    sys_command.o(.text) refers (Special) to indicate_semi.o(.text) for __semihosting_library_function
    defsig_rtmem_outer.o(.text) refers to defsig_rtmem_inner.o(.text) for __rt_SIGRTMEM_inner
    defsig_rtmem_outer.o(.text) refers to defsig_exit.o(.text) for __sig_exit
    defsig_rtmem_formal.o(.text) refers to rt_raise.o(.text) for __rt_raise
    rt_raise.o(.text) refers to __raise.o(.text) for __raise
    rt_raise.o(.text) refers to sys_exit.o(.text) for _sys_exit
    defsig_exit.o(.text) refers to sys_exit.o(.text) for _sys_exit
    defsig_rtmem_inner.o(.text) refers to defsig_general.o(.text) for __default_signal_display
    __raise.o(.text) refers to defsig.o(CL$$defsig) for __default_signal_handler
    defsig_general.o(.text) refers to sys_wrch.o(.text) for _ttywrch
    sys_wrch.o(.text) refers (Special) to use_no_semi.o(.text) for __I$use$semihosting
    sys_wrch.o(.text) refers (Special) to indicate_semi.o(.text) for __semihosting_library_function
    defsig.o(CL$$defsig) refers to defsig_rtmem_inner.o(.text) for __rt_SIGRTMEM_inner
    defsig_abrt_inner.o(.text) refers to defsig_general.o(.text) for __default_signal_display
    defsig_fpe_inner.o(.text) refers to defsig_general.o(.text) for __default_signal_display
    defsig_rtred_inner.o(.text) refers to defsig_general.o(.text) for __default_signal_display
    defsig_stak_inner.o(.text) refers to defsig_general.o(.text) for __default_signal_display
    defsig_pvfn_inner.o(.text) refers to defsig_general.o(.text) for __default_signal_display
    defsig_cppl_inner.o(.text) refers to defsig_general.o(.text) for __default_signal_display
    defsig_segv_inner.o(.text) refers to defsig_general.o(.text) for __default_signal_display
    defsig_other.o(.text) refers to defsig_general.o(.text) for __default_signal_display


==============================================================================

Removing Unused input sections from the image.

    Removing switch.o(.rev16_text), (4 bytes).
    Removing switch.o(.revsh_text), (4 bytes).
    Removing switch.o(.rrx_text), (6 bytes).
    Removing switch.o(i.tTaskSchedDisable), (40 bytes).
    Removing switch.o(i.tTaskSchedEnable), (40 bytes).
    Removing tlib.o(i.tBitmapPosCount), (4 bytes).
    Removing tlist.o(i.tListInsertAfter), (20 bytes).
    Removing tlist.o(i.tListLast), (12 bytes).
    Removing tlist.o(i.tListNext), (16 bytes).
    Removing tlist.o(i.tListPre), (16 bytes).
    Removing tlist.o(i.tListRemoveAll), (32 bytes).
    Removing tcpu.o(.rev16_text), (4 bytes).
    Removing tcpu.o(.revsh_text), (4 bytes).
    Removing tcpu.o(.rrx_text), (6 bytes).
    Removing system_armcm3.o(.rev16_text), (4 bytes).
    Removing system_armcm3.o(.revsh_text), (4 bytes).
    Removing system_armcm3.o(.rrx_text), (6 bytes).
    Removing system_armcm3.o(i.SystemCoreClockUpdate), (16 bytes).

18 unused section(s) (total 238 bytes) removed from the image.

==============================================================================

Image Symbol Table

    Local Symbols

    Symbol Name                              Value     Ov Type        Size  Object(Section)

    RESET                                    0x00000000   Section      192  startup_armcm3.o(RESET)
    ../clib/angel/boardlib.s                 0x00000000   Number         0  boardinit1.o ABSOLUTE
    ../clib/angel/boardlib.s                 0x00000000   Number         0  boardinit2.o ABSOLUTE
    ../clib/angel/boardlib.s                 0x00000000   Number         0  boardshut.o ABSOLUTE
    ../clib/angel/boardlib.s                 0x00000000   Number         0  boardinit3.o ABSOLUTE
    ../clib/angel/handlers.s                 0x00000000   Number         0  __scatter_zi.o ABSOLUTE
    ../clib/angel/handlers.s                 0x00000000   Number         0  __scatter_copy.o ABSOLUTE
    ../clib/angel/kernel.s                   0x00000000   Number         0  __rtentry.o ABSOLUTE
    ../clib/angel/kernel.s                   0x00000000   Number         0  rtexit.o ABSOLUTE
    ../clib/angel/kernel.s                   0x00000000   Number         0  rtexit2.o ABSOLUTE
    ../clib/angel/kernel.s                   0x00000000   Number         0  __rtentry2.o ABSOLUTE
    ../clib/angel/kernel.s                   0x00000000   Number         0  __rtentry4.o ABSOLUTE
    ../clib/angel/rt.s                       0x00000000   Number         0  rt_raise.o ABSOLUTE
    ../clib/angel/scatter.s                  0x00000000   Number         0  __scatter.o ABSOLUTE
    ../clib/angel/startup.s                  0x00000000   Number         0  __main.o ABSOLUTE
    ../clib/angel/sys.s                      0x00000000   Number         0  indicate_semi.o ABSOLUTE
    ../clib/angel/sys.s                      0x00000000   Number         0  use_no_semi.o ABSOLUTE
    ../clib/angel/sys.s                      0x00000000   Number         0  libspace.o ABSOLUTE
    ../clib/angel/sys.s                      0x00000000   Number         0  sys_stackheap_outer.o ABSOLUTE
    ../clib/angel/sysapp.c                   0x00000000   Number         0  sys_wrch.o ABSOLUTE
    ../clib/angel/sysapp.c                   0x00000000   Number         0  sys_command.o ABSOLUTE
    ../clib/angel/sysapp.c                   0x00000000   Number         0  sys_exit.o ABSOLUTE
    ../clib/armsys.c                         0x00000000   Number         0  argv_veneer.o ABSOLUTE
    ../clib/armsys.c                         0x00000000   Number         0  argv_veneer.o ABSOLUTE
    ../clib/armsys.c                         0x00000000   Number         0  no_argv.o ABSOLUTE
    ../clib/armsys.c                         0x00000000   Number         0  _get_argv_nomalloc.o ABSOLUTE
    ../clib/heapalloc.c                      0x00000000   Number         0  hrguard.o ABSOLUTE
    ../clib/heapaux.c                        0x00000000   Number         0  heapauxi.o ABSOLUTE
    ../clib/libinit.s                        0x00000000   Number         0  libshutdown2.o ABSOLUTE
    ../clib/libinit.s                        0x00000000   Number         0  libinit2.o ABSOLUTE
    ../clib/libinit.s                        0x00000000   Number         0  libinit.o ABSOLUTE
    ../clib/libinit.s                        0x00000000   Number         0  libshutdown.o ABSOLUTE
    ../clib/signal.c                         0x00000000   Number         0  __raise.o ABSOLUTE
    ../clib/signal.c                         0x00000000   Number         0  defsig_rtmem_inner.o ABSOLUTE
    ../clib/signal.c                         0x00000000   Number         0  defsig_exit.o ABSOLUTE
    ../clib/signal.c                         0x00000000   Number         0  defsig_stak_inner.o ABSOLUTE
    ../clib/signal.c                         0x00000000   Number         0  defsig_abrt_inner.o ABSOLUTE
    ../clib/signal.c                         0x00000000   Number         0  defsig_rtmem_outer.o ABSOLUTE
    ../clib/signal.c                         0x00000000   Number         0  defsig_rtmem_formal.o ABSOLUTE
    ../clib/signal.c                         0x00000000   Number         0  defsig_fpe_inner.o ABSOLUTE
    ../clib/signal.c                         0x00000000   Number         0  defsig_general.o ABSOLUTE
    ../clib/signal.c                         0x00000000   Number         0  defsig_cppl_inner.o ABSOLUTE
    ../clib/signal.c                         0x00000000   Number         0  defsig_segv_inner.o ABSOLUTE
    ../clib/signal.c                         0x00000000   Number         0  defsig_other.o ABSOLUTE
    ../clib/signal.c                         0x00000000   Number         0  defsig_rtred_inner.o ABSOLUTE
    ../clib/signal.c                         0x00000000   Number         0  defsig_pvfn_inner.o ABSOLUTE
    ../clib/signal.s                         0x00000000   Number         0  defsig.o ABSOLUTE
    ../clib/stdlib.c                         0x00000000   Number         0  exit.o ABSOLUTE
    ../fplib/fpinit.s                        0x00000000   Number         0  fpinit.o ABSOLUTE
    RTE\Device\ARMCM3\startup_ARMCM3.s       0x00000000   Number         0  startup_armcm3.o ABSOLUTE
    RTE\Device\ARMCM3\system_ARMCM3.c        0x00000000   Number         0  system_armcm3.o ABSOLUTE
    RTE\\Device\\ARMCM3\\system_ARMCM3.c     0x00000000   Number         0  system_armcm3.o ABSOLUTE
    dc.s                                     0x00000000   Number         0  dc.o ABSOLUTE
    source\\switch.c                         0x00000000   Number         0  switch.o ABSOLUTE
    source\\tCpu.c                           0x00000000   Number         0  tcpu.o ABSOLUTE
    source\app.c                             0x00000000   Number         0  app.o ABSOLUTE
    source\main.c                            0x00000000   Number         0  main.o ABSOLUTE
    source\switch.c                          0x00000000   Number         0  switch.o ABSOLUTE
    source\tCpu.c                            0x00000000   Number         0  tcpu.o ABSOLUTE
    source\tLib.c                            0x00000000   Number         0  tlib.o ABSOLUTE
    source\tList.c                           0x00000000   Number         0  tlist.o ABSOLUTE
    source\tTask.c                           0x00000000   Number         0  ttask.o ABSOLUTE
    source\tTime.c                           0x00000000   Number         0  ttime.o ABSOLUTE
    !!!main                                  0x000000c0   Section        8  __main.o(!!!main)
    !!!scatter                               0x000000c8   Section       52  __scatter.o(!!!scatter)
    !!handler_copy                           0x000000fc   Section       26  __scatter_copy.o(!!handler_copy)
    !!handler_zi                             0x00000118   Section       28  __scatter_zi.o(!!handler_zi)
    .ARM.Collect$$libinit$$00000000          0x00000134   Section        2  libinit.o(.ARM.Collect$$libinit$$00000000)
    .ARM.Collect$$libinit$$00000002          0x00000136   Section        0  libinit2.o(.ARM.Collect$$libinit$$00000002)
    .ARM.Collect$$libinit$$00000004          0x00000136   Section        0  libinit2.o(.ARM.Collect$$libinit$$00000004)
    .ARM.Collect$$libinit$$0000000A          0x00000136   Section        0  libinit2.o(.ARM.Collect$$libinit$$0000000A)
    .ARM.Collect$$libinit$$0000000C          0x00000136   Section        0  libinit2.o(.ARM.Collect$$libinit$$0000000C)
    .ARM.Collect$$libinit$$0000000E          0x00000136   Section        0  libinit2.o(.ARM.Collect$$libinit$$0000000E)
    .ARM.Collect$$libinit$$00000011          0x00000136   Section        0  libinit2.o(.ARM.Collect$$libinit$$00000011)
    .ARM.Collect$$libinit$$00000013          0x00000136   Section        0  libinit2.o(.ARM.Collect$$libinit$$00000013)
    .ARM.Collect$$libinit$$00000015          0x00000136   Section        0  libinit2.o(.ARM.Collect$$libinit$$00000015)
    .ARM.Collect$$libinit$$00000017          0x00000136   Section        0  libinit2.o(.ARM.Collect$$libinit$$00000017)
    .ARM.Collect$$libinit$$00000019          0x00000136   Section        0  libinit2.o(.ARM.Collect$$libinit$$00000019)
    .ARM.Collect$$libinit$$0000001B          0x00000136   Section        0  libinit2.o(.ARM.Collect$$libinit$$0000001B)
    .ARM.Collect$$libinit$$0000001D          0x00000136   Section        0  libinit2.o(.ARM.Collect$$libinit$$0000001D)
    .ARM.Collect$$libinit$$0000001F          0x00000136   Section        0  libinit2.o(.ARM.Collect$$libinit$$0000001F)
    .ARM.Collect$$libinit$$00000021          0x00000136   Section        0  libinit2.o(.ARM.Collect$$libinit$$00000021)
    .ARM.Collect$$libinit$$00000023          0x00000136   Section        0  libinit2.o(.ARM.Collect$$libinit$$00000023)
    .ARM.Collect$$libinit$$00000025          0x00000136   Section        0  libinit2.o(.ARM.Collect$$libinit$$00000025)
    .ARM.Collect$$libinit$$0000002C          0x00000136   Section        0  libinit2.o(.ARM.Collect$$libinit$$0000002C)
    .ARM.Collect$$libinit$$0000002E          0x00000136   Section        0  libinit2.o(.ARM.Collect$$libinit$$0000002E)
    .ARM.Collect$$libinit$$00000030          0x00000136   Section        0  libinit2.o(.ARM.Collect$$libinit$$00000030)
    .ARM.Collect$$libinit$$00000032          0x00000136   Section        0  libinit2.o(.ARM.Collect$$libinit$$00000032)
    .ARM.Collect$$libinit$$00000033          0x00000136   Section        2  libinit2.o(.ARM.Collect$$libinit$$00000033)
    .ARM.Collect$$libshutdown$$00000000      0x00000138   Section        2  libshutdown.o(.ARM.Collect$$libshutdown$$00000000)
    .ARM.Collect$$libshutdown$$00000002      0x0000013a   Section        0  libshutdown2.o(.ARM.Collect$$libshutdown$$00000002)
    .ARM.Collect$$libshutdown$$00000004      0x0000013a   Section        0  libshutdown2.o(.ARM.Collect$$libshutdown$$00000004)
    .ARM.Collect$$libshutdown$$00000007      0x0000013a   Section        0  libshutdown2.o(.ARM.Collect$$libshutdown$$00000007)
    .ARM.Collect$$libshutdown$$0000000A      0x0000013a   Section        0  libshutdown2.o(.ARM.Collect$$libshutdown$$0000000A)
    .ARM.Collect$$libshutdown$$0000000C      0x0000013a   Section        0  libshutdown2.o(.ARM.Collect$$libshutdown$$0000000C)
    .ARM.Collect$$libshutdown$$0000000F      0x0000013a   Section        0  libshutdown2.o(.ARM.Collect$$libshutdown$$0000000F)
    .ARM.Collect$$libshutdown$$00000010      0x0000013a   Section        2  libshutdown2.o(.ARM.Collect$$libshutdown$$00000010)
    .ARM.Collect$$rtentry$$00000000          0x0000013c   Section        0  __rtentry.o(.ARM.Collect$$rtentry$$00000000)
    .ARM.Collect$$rtentry$$00000002          0x0000013c   Section        0  __rtentry2.o(.ARM.Collect$$rtentry$$00000002)
    .ARM.Collect$$rtentry$$00000004          0x0000013c   Section        6  __rtentry4.o(.ARM.Collect$$rtentry$$00000004)
    .ARM.Collect$$rtentry$$00000009          0x00000142   Section        0  __rtentry2.o(.ARM.Collect$$rtentry$$00000009)
    .ARM.Collect$$rtentry$$0000000A          0x00000142   Section        4  __rtentry2.o(.ARM.Collect$$rtentry$$0000000A)
    .ARM.Collect$$rtentry$$0000000C          0x00000146   Section        0  __rtentry2.o(.ARM.Collect$$rtentry$$0000000C)
    .ARM.Collect$$rtentry$$0000000D          0x00000146   Section        8  __rtentry2.o(.ARM.Collect$$rtentry$$0000000D)
    .ARM.Collect$$rtexit$$00000000           0x0000014e   Section        2  rtexit.o(.ARM.Collect$$rtexit$$00000000)
    .ARM.Collect$$rtexit$$00000002           0x00000150   Section        0  rtexit2.o(.ARM.Collect$$rtexit$$00000002)
    .ARM.Collect$$rtexit$$00000003           0x00000150   Section        4  rtexit2.o(.ARM.Collect$$rtexit$$00000003)
    .ARM.Collect$$rtexit$$00000004           0x00000154   Section        6  rtexit2.o(.ARM.Collect$$rtexit$$00000004)
    .emb_text                                0x0000015c   Section       48  switch.o(.emb_text)
    .text                                    0x0000018c   Section       64  startup_armcm3.o(.text)
    .text                                    0x000001cc   Section        0  heapauxi.o(.text)
    .text                                    0x000001d2   Section       74  sys_stackheap_outer.o(.text)
    .text                                    0x0000021c   Section        0  exit.o(.text)
    .text                                    0x00000230   Section        8  libspace.o(.text)
    .text                                    0x00000238   Section        0  sys_exit.o(.text)
    .text                                    0x00000244   Section        2  use_no_semi.o(.text)
    .text                                    0x00000246   Section        0  indicate_semi.o(.text)
    i.IdleTaskEntry                          0x00000246   Section        0  app.o(i.IdleTaskEntry)
    i.SysTick_Handler                        0x0000024a   Section        0  tcpu.o(i.SysTick_Handler)
    i.SystemInit                             0x00000254   Section        0  system_armcm3.o(i.SystemInit)
    i.main                                   0x00000264   Section        0  main.o(i.main)
    i.tAppInit                               0x00000288   Section        0  app.o(i.tAppInit)
    i.tBitmapClear                           0x00000304   Section        0  tlib.o(i.tBitmapClear)
    i.tBitmapGetFirstSet                     0x00000310   Section        0  tlib.o(i.tBitmapGetFirstSet)
    i.tBitmapInit                            0x00000348   Section        0  tlib.o(i.tBitmapInit)
    i.tBitmapSet                             0x0000034e   Section        0  tlib.o(i.tBitmapSet)
    i.tListAddFirst                          0x0000035a   Section        0  tlist.o(i.tListAddFirst)
    i.tListAddLast                           0x00000372   Section        0  tlist.o(i.tListAddLast)
    i.tListCount                             0x00000386   Section        0  tlist.o(i.tListCount)
    i.tListFirst                             0x0000038c   Section        0  tlist.o(i.tListFirst)
    i.tListInit                              0x00000398   Section        0  tlist.o(i.tListInit)
    i.tListRemove                            0x000003a2   Section        0  tlist.o(i.tListRemove)
    i.tListRemoveFirst                       0x000003b6   Section        0  tlist.o(i.tListRemoveFirst)
    i.tNodeInit                              0x000003d0   Section        0  tlist.o(i.tNodeInit)
    i.tSetSysTickPeriod                      0x000003d8   Section        0  tcpu.o(i.tSetSysTickPeriod)
    i.tTaskDelay                             0x0000042c   Section        0  ttime.o(i.tTaskDelay)
    i.tTaskDelayedListInit                   0x00000458   Section        0  switch.o(i.tTaskDelayedListInit)
    i.tTaskEnterCritical                     0x00000468   Section        0  switch.o(i.tTaskEnterCritical)
    i.tTaskExitCritical                      0x00000474   Section        0  switch.o(i.tTaskExitCritical)
    i.tTaskHighestReady                      0x00000480   Section        0  switch.o(i.tTaskHighestReady)
    i.tTaskInit                              0x000004a4   Section        0  ttask.o(i.tTaskInit)
    i.tTaskRunFirst                          0x00000570   Section        0  switch.o(i.tTaskRunFirst)
    i.tTaskSched                             0x0000058c   Section        0  switch.o(i.tTaskSched)
    i.tTaskSchedInit                         0x000005d0   Section        0  switch.o(i.tTaskSchedInit)
    i.tTaskSchedRdy                          0x00000614   Section        0  switch.o(i.tTaskSchedRdy)
    i.tTaskSchedUnRdy                        0x00000638   Section        0  switch.o(i.tTaskSchedUnRdy)
    i.tTaskSuspend                           0x0000066c   Section        0  ttask.o(i.tTaskSuspend)
    i.tTaskSwitch                            0x000006b0   Section        0  switch.o(i.tTaskSwitch)
    i.tTaskSystemTickHandler                 0x000006c0   Section        0  switch.o(i.tTaskSystemTickHandler)
    i.tTaskWakeUP                            0x00000760   Section        0  ttask.o(i.tTaskWakeUP)
    i.tTimeTaskWait                          0x00000794   Section        0  switch.o(i.tTimeTaskWait)
    i.tTimeTaskWaitUp                        0x000007b8   Section        0  switch.o(i.tTimeTaskWaitUp)
    i.task1Entry                             0x000007d8   Section        0  app.o(i.task1Entry)
    i.task2Entry                             0x00000808   Section        0  app.o(i.task2Entry)
    i.task3Entry                             0x00000838   Section        0  app.o(i.task3Entry)
    .constdata                               0x00000858   Section      256  tlib.o(.constdata)
    quickFindTable                           0x00000858   Data         256  tlib.o(.constdata)
    .data                                    0x20000000   Section       20  main.o(.data)
    .data                                    0x20000014   Section       12  app.o(.data)
    .data                                    0x20000020   Section        4  system_armcm3.o(.data)
    .bss                                     0x20000024   Section      524  main.o(.bss)
    .bss                                     0x20000230   Section    16544  app.o(.bss)
    .bss                                     0x200042d0   Section       96  libspace.o(.bss)
    HEAP                                     0x20004330   Section     3072  startup_armcm3.o(HEAP)
    Heap_Mem                                 0x20004330   Data        3072  startup_armcm3.o(HEAP)
    STACK                                    0x20004f30   Section     1024  startup_armcm3.o(STACK)
    Stack_Mem                                0x20004f30   Data        1024  startup_armcm3.o(STACK)
    __initial_sp                             0x20005330   Data           0  startup_armcm3.o(STACK)

    Global Symbols

    Symbol Name                              Value     Ov Type        Size  Object(Section)

    BuildAttributes$$THM_ISAv4$P$D$K$B$S$PE$A:L22UL41UL21$X:L11$S22US41US21$IEEE1$IW$USESV6$~STKCKD$USESV7$~SHL$OSPACE$ROPI$EBA8$UX$STANDARDLIB$REQ8$PRES8$EABIv2 0x00000000   Number         0  anon$$obj.o ABSOLUTE
    __ARM_use_no_argv                        0x00000000   Number         0  main.o ABSOLUTE
    __Vectors                                0x00000000   Data           4  startup_armcm3.o(RESET)
    __ARM_exceptions_init                     - Undefined Weak Reference
    __alloca_initialize                       - Undefined Weak Reference
    __arm_preinit_                            - Undefined Weak Reference
    __cpp_initialize__aeabi_                  - Undefined Weak Reference
    __cxa_finalize                            - Undefined Weak Reference
    __rt_locale                               - Undefined Weak Reference
    __sigvec_lookup                           - Undefined Weak Reference
    _atexit_init                              - Undefined Weak Reference
    _call_atexit_fns                          - Undefined Weak Reference
    _clock_init                               - Undefined Weak Reference
    _fp_trap_init                             - Undefined Weak Reference
    _fp_trap_shutdown                         - Undefined Weak Reference
    _get_lc_collate                           - Undefined Weak Reference
    _get_lc_ctype                             - Undefined Weak Reference
    _get_lc_monetary                          - Undefined Weak Reference
    _get_lc_numeric                           - Undefined Weak Reference
    _get_lc_time                              - Undefined Weak Reference
    _getenv_init                              - Undefined Weak Reference
    _handle_redirection                       - Undefined Weak Reference
    _init_alloc                               - Undefined Weak Reference
    _init_user_alloc                          - Undefined Weak Reference
    _initio                                   - Undefined Weak Reference
    _rand_init                                - Undefined Weak Reference
    _signal_finish                            - Undefined Weak Reference
    _signal_init                              - Undefined Weak Reference
    _terminate_alloc                          - Undefined Weak Reference
    _terminate_user_alloc                     - Undefined Weak Reference
    _terminateio                              - Undefined Weak Reference
    __Vectors_End                            0x000000c0   Data           0  startup_armcm3.o(RESET)
    __Vectors_Size                           0x000000c0   Number         0  startup_armcm3.o ABSOLUTE
    __main                                   0x000000c1   Thumb Code     8  __main.o(!!!main)
    __scatterload                            0x000000c9   Thumb Code     0  __scatter.o(!!!scatter)
    __scatterload_rt2                        0x000000c9   Thumb Code    44  __scatter.o(!!!scatter)
    __scatterload_rt2_thumb_only             0x000000c9   Thumb Code     0  __scatter.o(!!!scatter)
    __scatterload_null                       0x000000d7   Thumb Code     0  __scatter.o(!!!scatter)
    __scatterload_copy                       0x000000fd   Thumb Code    26  __scatter_copy.o(!!handler_copy)
    __scatterload_zeroinit                   0x00000119   Thumb Code    28  __scatter_zi.o(!!handler_zi)
    __rt_lib_init                            0x00000135   Thumb Code     0  libinit.o(.ARM.Collect$$libinit$$00000000)
    __rt_lib_init_alloca_1                   0x00000137   Thumb Code     0  libinit2.o(.ARM.Collect$$libinit$$0000002E)
    __rt_lib_init_argv_1                     0x00000137   Thumb Code     0  libinit2.o(.ARM.Collect$$libinit$$0000002C)
    __rt_lib_init_atexit_1                   0x00000137   Thumb Code     0  libinit2.o(.ARM.Collect$$libinit$$0000001B)
    __rt_lib_init_clock_1                    0x00000137   Thumb Code     0  libinit2.o(.ARM.Collect$$libinit$$00000021)
    __rt_lib_init_cpp_1                      0x00000137   Thumb Code     0  libinit2.o(.ARM.Collect$$libinit$$00000032)
    __rt_lib_init_exceptions_1               0x00000137   Thumb Code     0  libinit2.o(.ARM.Collect$$libinit$$00000030)
    __rt_lib_init_fp_1                       0x00000137   Thumb Code     0  libinit2.o(.ARM.Collect$$libinit$$00000002)
    __rt_lib_init_fp_trap_1                  0x00000137   Thumb Code     0  libinit2.o(.ARM.Collect$$libinit$$0000001F)
    __rt_lib_init_getenv_1                   0x00000137   Thumb Code     0  libinit2.o(.ARM.Collect$$libinit$$00000023)
    __rt_lib_init_heap_1                     0x00000137   Thumb Code     0  libinit2.o(.ARM.Collect$$libinit$$0000000A)
    __rt_lib_init_lc_collate_1               0x00000137   Thumb Code     0  libinit2.o(.ARM.Collect$$libinit$$00000011)
    __rt_lib_init_lc_ctype_1                 0x00000137   Thumb Code     0  libinit2.o(.ARM.Collect$$libinit$$00000013)
    __rt_lib_init_lc_monetary_1              0x00000137   Thumb Code     0  libinit2.o(.ARM.Collect$$libinit$$00000015)
    __rt_lib_init_lc_numeric_1               0x00000137   Thumb Code     0  libinit2.o(.ARM.Collect$$libinit$$00000017)
    __rt_lib_init_lc_time_1                  0x00000137   Thumb Code     0  libinit2.o(.ARM.Collect$$libinit$$00000019)
    __rt_lib_init_preinit_1                  0x00000137   Thumb Code     0  libinit2.o(.ARM.Collect$$libinit$$00000004)
    __rt_lib_init_rand_1                     0x00000137   Thumb Code     0  libinit2.o(.ARM.Collect$$libinit$$0000000E)
    __rt_lib_init_return                     0x00000137   Thumb Code     0  libinit2.o(.ARM.Collect$$libinit$$00000033)
    __rt_lib_init_signal_1                   0x00000137   Thumb Code     0  libinit2.o(.ARM.Collect$$libinit$$0000001D)
    __rt_lib_init_stdio_1                    0x00000137   Thumb Code     0  libinit2.o(.ARM.Collect$$libinit$$00000025)
    __rt_lib_init_user_alloc_1               0x00000137   Thumb Code     0  libinit2.o(.ARM.Collect$$libinit$$0000000C)
    __rt_lib_shutdown                        0x00000139   Thumb Code     0  libshutdown.o(.ARM.Collect$$libshutdown$$00000000)
    __rt_lib_shutdown_cpp_1                  0x0000013b   Thumb Code     0  libshutdown2.o(.ARM.Collect$$libshutdown$$00000002)
    __rt_lib_shutdown_fp_trap_1              0x0000013b   Thumb Code     0  libshutdown2.o(.ARM.Collect$$libshutdown$$00000007)
    __rt_lib_shutdown_heap_1                 0x0000013b   Thumb Code     0  libshutdown2.o(.ARM.Collect$$libshutdown$$0000000F)
    __rt_lib_shutdown_return                 0x0000013b   Thumb Code     0  libshutdown2.o(.ARM.Collect$$libshutdown$$00000010)
    __rt_lib_shutdown_signal_1               0x0000013b   Thumb Code     0  libshutdown2.o(.ARM.Collect$$libshutdown$$0000000A)
    __rt_lib_shutdown_stdio_1                0x0000013b   Thumb Code     0  libshutdown2.o(.ARM.Collect$$libshutdown$$00000004)
    __rt_lib_shutdown_user_alloc_1           0x0000013b   Thumb Code     0  libshutdown2.o(.ARM.Collect$$libshutdown$$0000000C)
    __rt_entry                               0x0000013d   Thumb Code     0  __rtentry.o(.ARM.Collect$$rtentry$$00000000)
    __rt_entry_presh_1                       0x0000013d   Thumb Code     0  __rtentry2.o(.ARM.Collect$$rtentry$$00000002)
    __rt_entry_sh                            0x0000013d   Thumb Code     0  __rtentry4.o(.ARM.Collect$$rtentry$$00000004)
    __rt_entry_li                            0x00000143   Thumb Code     0  __rtentry2.o(.ARM.Collect$$rtentry$$0000000A)
    __rt_entry_postsh_1                      0x00000143   Thumb Code     0  __rtentry2.o(.ARM.Collect$$rtentry$$00000009)
    __rt_entry_main                          0x00000147   Thumb Code     0  __rtentry2.o(.ARM.Collect$$rtentry$$0000000D)
    __rt_entry_postli_1                      0x00000147   Thumb Code     0  __rtentry2.o(.ARM.Collect$$rtentry$$0000000C)
    __rt_exit                                0x0000014f   Thumb Code     0  rtexit.o(.ARM.Collect$$rtexit$$00000000)
    __rt_exit_ls                             0x00000151   Thumb Code     0  rtexit2.o(.ARM.Collect$$rtexit$$00000003)
    __rt_exit_prels_1                        0x00000151   Thumb Code     0  rtexit2.o(.ARM.Collect$$rtexit$$00000002)
    __rt_exit_exit                           0x00000155   Thumb Code     0  rtexit2.o(.ARM.Collect$$rtexit$$00000004)
    PendSV_Handler                           0x0000015d   Thumb Code    40  switch.o(.emb_text)
    Reset_Handler                            0x0000018d   Thumb Code     8  startup_armcm3.o(.text)
    NMI_Handler                              0x00000195   Thumb Code     2  startup_armcm3.o(.text)
    HardFault_Handler                        0x00000197   Thumb Code     2  startup_armcm3.o(.text)
    MemManage_Handler                        0x00000199   Thumb Code     2  startup_armcm3.o(.text)
    BusFault_Handler                         0x0000019b   Thumb Code     2  startup_armcm3.o(.text)
    UsageFault_Handler                       0x0000019d   Thumb Code     2  startup_armcm3.o(.text)
    SVC_Handler                              0x0000019f   Thumb Code     2  startup_armcm3.o(.text)
    DebugMon_Handler                         0x000001a1   Thumb Code     2  startup_armcm3.o(.text)
    AACI_IRQHandler                          0x000001a7   Thumb Code     0  startup_armcm3.o(.text)
    CAN_IRQHandler                           0x000001a7   Thumb Code     0  startup_armcm3.o(.text)
    CHLCD_IRQHandler                         0x000001a7   Thumb Code     0  startup_armcm3.o(.text)
    CLCD_IRQHandler                          0x000001a7   Thumb Code     0  startup_armcm3.o(.text)
    CPU_CLCD_IRQHandler                      0x000001a7   Thumb Code     0  startup_armcm3.o(.text)
    ENET_IRQHandler                          0x000001a7   Thumb Code     0  startup_armcm3.o(.text)
    FLEXRAY_IRQHandler                       0x000001a7   Thumb Code     0  startup_armcm3.o(.text)
    I2C_IRQHandler                           0x000001a7   Thumb Code     0  startup_armcm3.o(.text)
    LIN_IRQHandler                           0x000001a7   Thumb Code     0  startup_armcm3.o(.text)
    MCIA_IRQHandler                          0x000001a7   Thumb Code     0  startup_armcm3.o(.text)
    MCIB_IRQHandler                          0x000001a7   Thumb Code     0  startup_armcm3.o(.text)
    RTC_IRQHandler                           0x000001a7   Thumb Code     0  startup_armcm3.o(.text)
    SPI_IRQHandler                           0x000001a7   Thumb Code     0  startup_armcm3.o(.text)
    TIM0_IRQHandler                          0x000001a7   Thumb Code     0  startup_armcm3.o(.text)
    TIM2_IRQHandler                          0x000001a7   Thumb Code     0  startup_armcm3.o(.text)
    UART0_IRQHandler                         0x000001a7   Thumb Code     0  startup_armcm3.o(.text)
    UART1_IRQHandler                         0x000001a7   Thumb Code     0  startup_armcm3.o(.text)
    UART2_IRQHandler                         0x000001a7   Thumb Code     0  startup_armcm3.o(.text)
    UART3_IRQHandler                         0x000001a7   Thumb Code     0  startup_armcm3.o(.text)
    UART4_IRQHandler                         0x000001a7   Thumb Code     0  startup_armcm3.o(.text)
    USBDC_IRQHandler                         0x000001a7   Thumb Code     0  startup_armcm3.o(.text)
    USBHC_IRQHandler                         0x000001a7   Thumb Code     0  startup_armcm3.o(.text)
    WDT_IRQHandler                           0x000001a7   Thumb Code     0  startup_armcm3.o(.text)
    __user_initial_stackheap                 0x000001a9   Thumb Code    10  startup_armcm3.o(.text)
    __use_two_region_memory                  0x000001cd   Thumb Code     2  heapauxi.o(.text)
    __rt_heap_escrow$2region                 0x000001cf   Thumb Code     2  heapauxi.o(.text)
    __rt_heap_expand$2region                 0x000001d1   Thumb Code     2  heapauxi.o(.text)
    __user_setup_stackheap                   0x000001d3   Thumb Code    74  sys_stackheap_outer.o(.text)
    exit                                     0x0000021d   Thumb Code    18  exit.o(.text)
    __user_libspace                          0x00000231   Thumb Code     8  libspace.o(.text)
    __user_perproc_libspace                  0x00000231   Thumb Code     0  libspace.o(.text)
    __user_perthread_libspace                0x00000231   Thumb Code     0  libspace.o(.text)
    _sys_exit                                0x00000239   Thumb Code     8  sys_exit.o(.text)
    __I$use$semihosting                      0x00000245   Thumb Code     0  use_no_semi.o(.text)
    __use_no_semihosting_swi                 0x00000245   Thumb Code     2  use_no_semi.o(.text)
    IdleTaskEntry                            0x00000247   Thumb Code     4  app.o(i.IdleTaskEntry)
    __semihosting_library_function           0x00000247   Thumb Code     0  indicate_semi.o(.text)
    SysTick_Handler                          0x0000024b   Thumb Code     8  tcpu.o(i.SysTick_Handler)
    SystemInit                               0x00000255   Thumb Code     8  system_armcm3.o(i.SystemInit)
    main                                     0x00000265   Thumb Code    30  main.o(i.main)
    tAppInit                                 0x00000289   Thumb Code    74  app.o(i.tAppInit)
    tBitmapClear                             0x00000305   Thumb Code    12  tlib.o(i.tBitmapClear)
    tBitmapGetFirstSet                       0x00000311   Thumb Code    52  tlib.o(i.tBitmapGetFirstSet)
    tBitmapInit                              0x00000349   Thumb Code     6  tlib.o(i.tBitmapInit)
    tBitmapSet                               0x0000034f   Thumb Code    12  tlib.o(i.tBitmapSet)
    tListAddFirst                            0x0000035b   Thumb Code    24  tlist.o(i.tListAddFirst)
    tListAddLast                             0x00000373   Thumb Code    20  tlist.o(i.tListAddLast)
    tListCount                               0x00000387   Thumb Code     6  tlist.o(i.tListCount)
    tListFirst                               0x0000038d   Thumb Code    12  tlist.o(i.tListFirst)
    tListInit                                0x00000399   Thumb Code    10  tlist.o(i.tListInit)
    tListRemove                              0x000003a3   Thumb Code    20  tlist.o(i.tListRemove)
    tListRemoveFirst                         0x000003b7   Thumb Code    26  tlist.o(i.tListRemoveFirst)
    tNodeInit                                0x000003d1   Thumb Code     6  tlist.o(i.tNodeInit)
    tSetSysTickPeriod                        0x000003d9   Thumb Code    72  tcpu.o(i.tSetSysTickPeriod)
    tTaskDelay                               0x0000042d   Thumb Code    40  ttime.o(i.tTaskDelay)
    tTaskDelayedListInit                     0x00000459   Thumb Code    12  switch.o(i.tTaskDelayedListInit)
    tTaskEnterCritical                       0x00000469   Thumb Code    12  switch.o(i.tTaskEnterCritical)
    tTaskExitCritical                        0x00000475   Thumb Code    10  switch.o(i.tTaskExitCritical)
    tTaskHighestReady                        0x00000481   Thumb Code    26  switch.o(i.tTaskHighestReady)
    tTaskInit                                0x000004a5   Thumb Code   194  ttask.o(i.tTaskInit)
    tTaskRunFirst                            0x00000571   Thumb Code    24  switch.o(i.tTaskRunFirst)
    tTaskSched                               0x0000058d   Thumb Code    56  switch.o(i.tTaskSched)
    tTaskSchedInit                           0x000005d1   Thumb Code    50  switch.o(i.tTaskSchedInit)
    tTaskSchedRdy                            0x00000615   Thumb Code    28  switch.o(i.tTaskSchedRdy)
    tTaskSchedUnRdy                          0x00000639   Thumb Code    42  switch.o(i.tTaskSchedUnRdy)
    tTaskSuspend                             0x0000066d   Thumb Code    62  ttask.o(i.tTaskSuspend)
    tTaskSwitch                              0x000006b1   Thumb Code    10  switch.o(i.tTaskSwitch)
    tTaskSystemTickHandler                   0x000006c1   Thumb Code   146  switch.o(i.tTaskSystemTickHandler)
    tTaskWakeUP                              0x00000761   Thumb Code    52  ttask.o(i.tTaskWakeUP)
    tTimeTaskWait                            0x00000795   Thumb Code    30  switch.o(i.tTimeTaskWait)
    tTimeTaskWaitUp                          0x000007b9   Thumb Code    26  switch.o(i.tTimeTaskWaitUp)
    task1Entry                               0x000007d9   Thumb Code    38  app.o(i.task1Entry)
    task2Entry                               0x00000809   Thumb Code    38  app.o(i.task2Entry)
    task3Entry                               0x00000839   Thumb Code    28  app.o(i.task3Entry)
    Region$$Table$$Base                      0x00000958   Number         0  anon$$obj.o(Region$$Table)
    Region$$Table$$Limit                     0x00000978   Number         0  anon$$obj.o(Region$$Table)
    currentTask                              0x20000000   Data           4  main.o(.data)
    nextTask                                 0x20000004   Data           4  main.o(.data)
    schedLockCount                           0x20000008   Data           1  main.o(.data)
    taskPrioBitmap                           0x2000000c   Data           4  main.o(.data)
    tTaskDelayedList                         0x20000010   Data           4  main.o(.data)
    task1Flag                                0x20000014   Data           4  app.o(.data)
    task2Flag                                0x20000018   Data           4  app.o(.data)
    task3Flag                                0x2000001c   Data           4  app.o(.data)
    SystemCoreClock                          0x20000020   Data           4  system_armcm3.o(.data)
    similar_prio_task_head_node              0x20000024   Data         384  main.o(.bss)
    taskTable                                0x200001a4   Data         128  main.o(.bss)
    task_delay_head_node                     0x20000224   Data          12  main.o(.bss)
    tTask1                                   0x20000230   Data          40  app.o(.bss)
    tTask2                                   0x20000258   Data          40  app.o(.bss)
    tTask3                                   0x20000280   Data          40  app.o(.bss)
    task1Env                                 0x200002a8   Data        4096  app.o(.bss)
    task2Env                                 0x200012a8   Data        4096  app.o(.bss)
    task3Env                                 0x200022a8   Data        4096  app.o(.bss)
    tIdleTask                                0x200032a8   Data          40  app.o(.bss)
    idleTaskEnv                              0x200032d0   Data        4096  app.o(.bss)
    __libspace_start                         0x200042d0   Data          96  libspace.o(.bss)
    __temporary_stack_top$libspace           0x20004330   Data           0  libspace.o(.bss)



==============================================================================

Memory Map of the image

  Image Entry point : 0x000000c1

  Load Region LR_IROM1 (Base: 0x00000000, Size: 0x0000099c, Max: 0x00040000, ABSOLUTE)

    Execution Region ER_IROM1 (Base: 0x00000000, Size: 0x00000978, Max: 0x00040000, ABSOLUTE)

    Base Addr    Size         Type   Attr      Idx    E Section Name        Object

    0x00000000   0x000000c0   Data   RO          410    RESET               startup_armcm3.o
    0x000000c0   0x00000008   Code   RO          455  * !!!main             c_w.l(__main.o)
    0x000000c8   0x00000034   Code   RO          612    !!!scatter          c_w.l(__scatter.o)
    0x000000fc   0x0000001a   Code   RO          614    !!handler_copy      c_w.l(__scatter_copy.o)
    0x00000116   0x00000002   PAD
    0x00000118   0x0000001c   Code   RO          616    !!handler_zi        c_w.l(__scatter_zi.o)
    0x00000134   0x00000002   Code   RO          482    .ARM.Collect$$libinit$$00000000  c_w.l(libinit.o)
    0x00000136   0x00000000   Code   RO          489    .ARM.Collect$$libinit$$00000002  c_w.l(libinit2.o)
    0x00000136   0x00000000   Code   RO          491    .ARM.Collect$$libinit$$00000004  c_w.l(libinit2.o)
    0x00000136   0x00000000   Code   RO          494    .ARM.Collect$$libinit$$0000000A  c_w.l(libinit2.o)
    0x00000136   0x00000000   Code   RO          496    .ARM.Collect$$libinit$$0000000C  c_w.l(libinit2.o)
    0x00000136   0x00000000   Code   RO          498    .ARM.Collect$$libinit$$0000000E  c_w.l(libinit2.o)
    0x00000136   0x00000000   Code   RO          501    .ARM.Collect$$libinit$$00000011  c_w.l(libinit2.o)
    0x00000136   0x00000000   Code   RO          503    .ARM.Collect$$libinit$$00000013  c_w.l(libinit2.o)
    0x00000136   0x00000000   Code   RO          505    .ARM.Collect$$libinit$$00000015  c_w.l(libinit2.o)
    0x00000136   0x00000000   Code   RO          507    .ARM.Collect$$libinit$$00000017  c_w.l(libinit2.o)
    0x00000136   0x00000000   Code   RO          509    .ARM.Collect$$libinit$$00000019  c_w.l(libinit2.o)
    0x00000136   0x00000000   Code   RO          511    .ARM.Collect$$libinit$$0000001B  c_w.l(libinit2.o)
    0x00000136   0x00000000   Code   RO          513    .ARM.Collect$$libinit$$0000001D  c_w.l(libinit2.o)
    0x00000136   0x00000000   Code   RO          515    .ARM.Collect$$libinit$$0000001F  c_w.l(libinit2.o)
    0x00000136   0x00000000   Code   RO          517    .ARM.Collect$$libinit$$00000021  c_w.l(libinit2.o)
    0x00000136   0x00000000   Code   RO          519    .ARM.Collect$$libinit$$00000023  c_w.l(libinit2.o)
    0x00000136   0x00000000   Code   RO          521    .ARM.Collect$$libinit$$00000025  c_w.l(libinit2.o)
    0x00000136   0x00000000   Code   RO          525    .ARM.Collect$$libinit$$0000002C  c_w.l(libinit2.o)
    0x00000136   0x00000000   Code   RO          527    .ARM.Collect$$libinit$$0000002E  c_w.l(libinit2.o)
    0x00000136   0x00000000   Code   RO          529    .ARM.Collect$$libinit$$00000030  c_w.l(libinit2.o)
    0x00000136   0x00000000   Code   RO          531    .ARM.Collect$$libinit$$00000032  c_w.l(libinit2.o)
    0x00000136   0x00000002   Code   RO          532    .ARM.Collect$$libinit$$00000033  c_w.l(libinit2.o)
    0x00000138   0x00000002   Code   RO          552    .ARM.Collect$$libshutdown$$00000000  c_w.l(libshutdown.o)
    0x0000013a   0x00000000   Code   RO          565    .ARM.Collect$$libshutdown$$00000002  c_w.l(libshutdown2.o)
    0x0000013a   0x00000000   Code   RO          567    .ARM.Collect$$libshutdown$$00000004  c_w.l(libshutdown2.o)
    0x0000013a   0x00000000   Code   RO          570    .ARM.Collect$$libshutdown$$00000007  c_w.l(libshutdown2.o)
    0x0000013a   0x00000000   Code   RO          573    .ARM.Collect$$libshutdown$$0000000A  c_w.l(libshutdown2.o)
    0x0000013a   0x00000000   Code   RO          575    .ARM.Collect$$libshutdown$$0000000C  c_w.l(libshutdown2.o)
    0x0000013a   0x00000000   Code   RO          578    .ARM.Collect$$libshutdown$$0000000F  c_w.l(libshutdown2.o)
    0x0000013a   0x00000002   Code   RO          579    .ARM.Collect$$libshutdown$$00000010  c_w.l(libshutdown2.o)
    0x0000013c   0x00000000   Code   RO          457    .ARM.Collect$$rtentry$$00000000  c_w.l(__rtentry.o)
    0x0000013c   0x00000000   Code   RO          459    .ARM.Collect$$rtentry$$00000002  c_w.l(__rtentry2.o)
    0x0000013c   0x00000006   Code   RO          471    .ARM.Collect$$rtentry$$00000004  c_w.l(__rtentry4.o)
    0x00000142   0x00000000   Code   RO          461    .ARM.Collect$$rtentry$$00000009  c_w.l(__rtentry2.o)
    0x00000142   0x00000004   Code   RO          462    .ARM.Collect$$rtentry$$0000000A  c_w.l(__rtentry2.o)
    0x00000146   0x00000000   Code   RO          464    .ARM.Collect$$rtentry$$0000000C  c_w.l(__rtentry2.o)
    0x00000146   0x00000008   Code   RO          465    .ARM.Collect$$rtentry$$0000000D  c_w.l(__rtentry2.o)
    0x0000014e   0x00000002   Code   RO          486    .ARM.Collect$$rtexit$$00000000  c_w.l(rtexit.o)
    0x00000150   0x00000000   Code   RO          534    .ARM.Collect$$rtexit$$00000002  c_w.l(rtexit2.o)
    0x00000150   0x00000004   Code   RO          535    .ARM.Collect$$rtexit$$00000003  c_w.l(rtexit2.o)
    0x00000154   0x00000006   Code   RO          536    .ARM.Collect$$rtexit$$00000004  c_w.l(rtexit2.o)
    0x0000015a   0x00000002   PAD
    0x0000015c   0x00000030   Code   RO           38    .emb_text           switch.o
    0x0000018c   0x00000040   Code   RO          411    .text               startup_armcm3.o
    0x000001cc   0x00000006   Code   RO          453    .text               c_w.l(heapauxi.o)
    0x000001d2   0x0000004a   Code   RO          473    .text               c_w.l(sys_stackheap_outer.o)
    0x0000021c   0x00000012   Code   RO          475    .text               c_w.l(exit.o)
    0x0000022e   0x00000002   PAD
    0x00000230   0x00000008   Code   RO          483    .text               c_w.l(libspace.o)
    0x00000238   0x0000000c   Code   RO          544    .text               c_w.l(sys_exit.o)
    0x00000244   0x00000002   Code   RO          555    .text               c_w.l(use_no_semi.o)
    0x00000246   0x00000000   Code   RO          557    .text               c_w.l(indicate_semi.o)
    0x00000246   0x00000004   Code   RO          368    i.IdleTaskEntry     app.o
    0x0000024a   0x00000008   Code   RO          297    i.SysTick_Handler   tcpu.o
    0x00000252   0x00000002   PAD
    0x00000254   0x00000010   Code   RO          419    i.SystemInit        system_armcm3.o
    0x00000264   0x00000024   Code   RO            1    i.main              main.o
    0x00000288   0x0000007c   Code   RO          369    i.tAppInit          app.o
    0x00000304   0x0000000c   Code   RO          173    i.tBitmapClear      tlib.o
    0x00000310   0x00000038   Code   RO          174    i.tBitmapGetFirstSet  tlib.o
    0x00000348   0x00000006   Code   RO          175    i.tBitmapInit       tlib.o
    0x0000034e   0x0000000c   Code   RO          177    i.tBitmapSet        tlib.o
    0x0000035a   0x00000018   Code   RO          210    i.tListAddFirst     tlist.o
    0x00000372   0x00000014   Code   RO          211    i.tListAddLast      tlist.o
    0x00000386   0x00000006   Code   RO          212    i.tListCount        tlist.o
    0x0000038c   0x0000000c   Code   RO          213    i.tListFirst        tlist.o
    0x00000398   0x0000000a   Code   RO          214    i.tListInit         tlist.o
    0x000003a2   0x00000014   Code   RO          219    i.tListRemove       tlist.o
    0x000003b6   0x0000001a   Code   RO          221    i.tListRemoveFirst  tlist.o
    0x000003d0   0x00000006   Code   RO          222    i.tNodeInit         tlist.o
    0x000003d6   0x00000002   PAD
    0x000003d8   0x00000054   Code   RO          298    i.tSetSysTickPeriod  tcpu.o
    0x0000042c   0x0000002c   Code   RO          356    i.tTaskDelay        ttime.o
    0x00000458   0x00000010   Code   RO           39    i.tTaskDelayedListInit  switch.o
    0x00000468   0x0000000c   Code   RO           40    i.tTaskEnterCritical  switch.o
    0x00000474   0x0000000a   Code   RO           41    i.tTaskExitCritical  switch.o
    0x0000047e   0x00000002   PAD
    0x00000480   0x00000024   Code   RO           42    i.tTaskHighestReady  switch.o
    0x000004a4   0x000000cc   Code   RO          331    i.tTaskInit         ttask.o
    0x00000570   0x0000001c   Code   RO           43    i.tTaskRunFirst     switch.o
    0x0000058c   0x00000044   Code   RO           44    i.tTaskSched        switch.o
    0x000005d0   0x00000044   Code   RO           47    i.tTaskSchedInit    switch.o
    0x00000614   0x00000024   Code   RO           48    i.tTaskSchedRdy     switch.o
    0x00000638   0x00000034   Code   RO           49    i.tTaskSchedUnRdy   switch.o
    0x0000066c   0x00000044   Code   RO          332    i.tTaskSuspend      ttask.o
    0x000006b0   0x00000010   Code   RO           50    i.tTaskSwitch       switch.o
    0x000006c0   0x000000a0   Code   RO           51    i.tTaskSystemTickHandler  switch.o
    0x00000760   0x00000034   Code   RO          333    i.tTaskWakeUP       ttask.o
    0x00000794   0x00000024   Code   RO           52    i.tTimeTaskWait     switch.o
    0x000007b8   0x00000020   Code   RO           53    i.tTimeTaskWaitUp   switch.o
    0x000007d8   0x00000030   Code   RO          370    i.task1Entry        app.o
    0x00000808   0x00000030   Code   RO          371    i.task2Entry        app.o
    0x00000838   0x00000020   Code   RO          372    i.task3Entry        app.o
    0x00000858   0x00000100   Data   RO          178    .constdata          tlib.o
    0x00000958   0x00000020   Data   RO          610    Region$$Table       anon$$obj.o


    Execution Region RW_IRAM1 (Base: 0x20000000, Size: 0x00005330, Max: 0x00020000, ABSOLUTE)

    Base Addr    Size         Type   Attr      Idx    E Section Name        Object

    0x20000000   0x00000014   Data   RW            3    .data               main.o
    0x20000014   0x0000000c   Data   RW          374    .data               app.o
    0x20000020   0x00000004   Data   RW          420    .data               system_armcm3.o
    0x20000024   0x0000020c   Zero   RW            2    .bss                main.o
    0x20000230   0x000040a0   Zero   RW          373    .bss                app.o
    0x200042d0   0x00000060   Zero   RW          484    .bss                c_w.l(libspace.o)
    0x20004330   0x00000c00   Zero   RW          409    HEAP                startup_armcm3.o
    0x20004f30   0x00000400   Zero   RW          408    STACK               startup_armcm3.o


==============================================================================

Image component sizes


      Code (inc. data)   RO Data    RW Data    ZI Data      Debug   Object Name

       256         74          0         12      16544       2948   app.o
        36          6          0         20        524       7023   main.o
        64         26        192          0       4096        828   startup_armcm3.o
       618        106          0          0          0      14024   switch.o
        16          8          0          4          0        635   system_armcm3.o
        92         12          0          0          0      24729   tcpu.o
        86          4        256          0          0       2195   tlib.o
       124          0          0          0          0       3830   tlist.o
       324         16          0          0          0       1757   ttask.o
        44          4          0          0          0        485   ttime.o

    ----------------------------------------------------------------------
      1666        256        480         36      21164      58454   Object Totals
         0          0         32          0          0          0   (incl. Generated)
         6          0          0          0          0          0   (incl. Padding)

    ----------------------------------------------------------------------

      Code (inc. data)   RO Data    RW Data    ZI Data      Debug   Library Member Name

         8          0          0          0          0         68   __main.o
         0          0          0          0          0          0   __rtentry.o
        12          0          0          0          0          0   __rtentry2.o
         6          0          0          0          0          0   __rtentry4.o
        52          8          0          0          0          0   __scatter.o
        26          0          0          0          0          0   __scatter_copy.o
        28          0          0          0          0          0   __scatter_zi.o
        18          0          0          0          0         80   exit.o
         6          0          0          0          0        152   heapauxi.o
         0          0          0          0          0          0   indicate_semi.o
         2          0          0          0          0          0   libinit.o
         2          0          0          0          0          0   libinit2.o
         2          0          0          0          0          0   libshutdown.o
         2          0          0          0          0          0   libshutdown2.o
         8          4          0          0         96         68   libspace.o
         2          0          0          0          0          0   rtexit.o
        10          0          0          0          0          0   rtexit2.o
        12          4          0          0          0         68   sys_exit.o
        74          0          0          0          0         80   sys_stackheap_outer.o
         2          0          0          0          0         68   use_no_semi.o

    ----------------------------------------------------------------------
       278         16          0          0         96        584   Library Totals
         6          0          0          0          0          0   (incl. Padding)

    ----------------------------------------------------------------------

      Code (inc. data)   RO Data    RW Data    ZI Data      Debug   Library Name

       272         16          0          0         96        584   c_w.l

    ----------------------------------------------------------------------
       278         16          0          0         96        584   Library Totals

    ----------------------------------------------------------------------

==============================================================================


      Code (inc. data)   RO Data    RW Data    ZI Data      Debug   

      1944        272        480         36      21260      57058   Grand Totals
      1944        272        480         36      21260      57058   ELF Image Totals
      1944        272        480         36          0          0   ROM Totals

==============================================================================

    Total RO  Size (Code + RO Data)                 2424 (   2.37kB)
    Total RW  Size (RW Data + ZI Data)             21296 (  20.80kB)
    Total ROM Size (Code + RO Data + RW Data)       2460 (   2.40kB)

==============================================================================

