Component: ARM Compiler 5.06 update 1 (build 61) Tool: armlink [4d35a8]

==============================================================================

Section Cross References

    main.o(i.main) refers to main.o(i.tTaskInit) for tTaskInit
    main.o(i.main) refers to switch.o(i.tTaskRunFirst) for tTaskRunFirst
    main.o(i.main) refers to main.o(.bss) for task1Env
    main.o(i.main) refers to main.o(i.task1Entry) for task1Entry
    main.o(i.main) refers to main.o(.data) for tTask1
    main.o(i.main) refers to main.o(i.task2Entry) for task2Entry
    main.o(i.main) refers to main.o(i.IdleTaskEntry) for IdleTaskEntry
    main.o(i.task1Entry) refers to switch.o(i.tSetSysTickPeriod) for tSetSysTickPeriod
    main.o(i.task1Entry) refers to switch.o(i.tTaskDelay) for tTaskDelay
    main.o(i.task1Entry) refers to main.o(.data) for task1Flag
    main.o(i.task2Entry) refers to switch.o(i.tTaskDelay) for tTaskDelay
    main.o(i.task2Entry) refers to main.o(.data) for task2Flag
    switch.o(.emb_text) refers to main.o(.data) for currentTask
    switch.o(i.SysTick_Handler) refers to switch.o(i.tTaskSystemTickHandler) for tTaskSystemTickHandler
    switch.o(i.tSetSysTickPeriod) refers to system_armcm3.o(.data) for SystemCoreClock
    switch.o(i.tTaskDelay) refers to switch.o(i.tTaskSched) for tTaskSched
    switch.o(i.tTaskDelay) refers to main.o(.data) for currentTask
    switch.o(i.tTaskSched) refers to switch.o(i.tTaskSwitch) for tTaskSwitch
    switch.o(i.tTaskSched) refers to main.o(.data) for currentTask
    switch.o(i.tTaskSystemTickHandler) refers to switch.o(i.tTaskSched) for tTaskSched
    switch.o(i.tTaskSystemTickHandler) refers to main.o(.data) for taskTable
    startup_armcm3.o(RESET) refers to startup_armcm3.o(STACK) for __initial_sp
    startup_armcm3.o(RESET) refers to startup_armcm3.o(.text) for Reset_Handler
    startup_armcm3.o(RESET) refers to switch.o(.emb_text) for PendSV_Handler
    startup_armcm3.o(RESET) refers to switch.o(i.SysTick_Handler) for SysTick_Handler
    startup_armcm3.o(.text) refers to system_armcm3.o(i.SystemInit) for SystemInit
    startup_armcm3.o(.text) refers to entry.o(.ARM.Collect$$$$00000000) for __main
    system_armcm3.o(i.SystemCoreClockUpdate) refers to system_armcm3.o(.data) for SystemCoreClock
    system_armcm3.o(i.SystemInit) refers to system_armcm3.o(.data) for SystemCoreClock
    entry.o(.ARM.Collect$$$$00000000) refers (Special) to entry10a.o(.ARM.Collect$$$$0000000D) for __rt_final_cpp
    entry.o(.ARM.Collect$$$$00000000) refers (Special) to entry11a.o(.ARM.Collect$$$$0000000F) for __rt_final_exit
    entry.o(.ARM.Collect$$$$00000000) refers (Special) to entry7b.o(.ARM.Collect$$$$00000008) for _main_clock
    entry.o(.ARM.Collect$$$$00000000) refers (Special) to entry8b.o(.ARM.Collect$$$$0000000A) for _main_cpp_init
    entry.o(.ARM.Collect$$$$00000000) refers (Special) to entry9a.o(.ARM.Collect$$$$0000000B) for _main_init
    entry.o(.ARM.Collect$$$$00000000) refers (Special) to entry5.o(.ARM.Collect$$$$00000004) for _main_scatterload
    entry.o(.ARM.Collect$$$$00000000) refers (Special) to entry2.o(.ARM.Collect$$$$00000001) for _main_stk
    entry2.o(.ARM.Collect$$$$00000001) refers to entry2.o(.ARM.Collect$$$$00002712) for __lit__00000000
    entry2.o(.ARM.Collect$$$$00002712) refers to startup_armcm3.o(STACK) for __initial_sp
    entry2.o(__vectab_stack_and_reset_area) refers to startup_armcm3.o(STACK) for __initial_sp
    entry2.o(__vectab_stack_and_reset_area) refers to entry.o(.ARM.Collect$$$$00000000) for __main
    entry5.o(.ARM.Collect$$$$00000004) refers to init.o(.text) for __scatterload
    entry9a.o(.ARM.Collect$$$$0000000B) refers to main.o(i.main) for main
    entry9b.o(.ARM.Collect$$$$0000000C) refers to main.o(i.main) for main
    init.o(.text) refers to entry5.o(.ARM.Collect$$$$00000004) for __main_after_scatterload


==============================================================================

Removing Unused input sections from the image.

    Removing switch.o(.rev16_text), (4 bytes).
    Removing switch.o(.revsh_text), (4 bytes).
    Removing switch.o(.rrx_text), (6 bytes).
    Removing startup_armcm3.o(HEAP), (3072 bytes).
    Removing system_armcm3.o(.rev16_text), (4 bytes).
    Removing system_armcm3.o(.revsh_text), (4 bytes).
    Removing system_armcm3.o(.rrx_text), (6 bytes).
    Removing system_armcm3.o(i.SystemCoreClockUpdate), (16 bytes).

8 unused section(s) (total 3116 bytes) removed from the image.

==============================================================================

Image Symbol Table

    Local Symbols

    Symbol Name                              Value     Ov Type        Size  Object(Section)

    RESET                                    0x00000000   Section      192  startup_armcm3.o(RESET)
    ../clib/microlib/init/entry.s            0x00000000   Number         0  entry11b.o ABSOLUTE
    ../clib/microlib/init/entry.s            0x00000000   Number         0  entry11a.o ABSOLUTE
    ../clib/microlib/init/entry.s            0x00000000   Number         0  entry10b.o ABSOLUTE
    ../clib/microlib/init/entry.s            0x00000000   Number         0  entry10a.o ABSOLUTE
    ../clib/microlib/init/entry.s            0x00000000   Number         0  entry9b.o ABSOLUTE
    ../clib/microlib/init/entry.s            0x00000000   Number         0  entry9a.o ABSOLUTE
    ../clib/microlib/init/entry.s            0x00000000   Number         0  entry8b.o ABSOLUTE
    ../clib/microlib/init/entry.s            0x00000000   Number         0  entry8a.o ABSOLUTE
    ../clib/microlib/init/entry.s            0x00000000   Number         0  entry7b.o ABSOLUTE
    ../clib/microlib/init/entry.s            0x00000000   Number         0  entry5.o ABSOLUTE
    ../clib/microlib/init/entry.s            0x00000000   Number         0  entry7a.o ABSOLUTE
    ../clib/microlib/init/entry.s            0x00000000   Number         0  entry2.o ABSOLUTE
    ../clib/microlib/init/entry.s            0x00000000   Number         0  entry.o ABSOLUTE
    RTE\Device\ARMCM3\startup_ARMCM3.s       0x00000000   Number         0  startup_armcm3.o ABSOLUTE
    RTE\Device\ARMCM3\system_ARMCM3.c        0x00000000   Number         0  system_armcm3.o ABSOLUTE
    RTE\\Device\\ARMCM3\\system_ARMCM3.c     0x00000000   Number         0  system_armcm3.o ABSOLUTE
    dc.s                                     0x00000000   Number         0  dc.o ABSOLUTE
    handlers.s                               0x00000000   Number         0  handlers.o ABSOLUTE
    init.s                                   0x00000000   Number         0  init.o ABSOLUTE
    source\\switch.c                         0x00000000   Number         0  switch.o ABSOLUTE
    source\main.c                            0x00000000   Number         0  main.o ABSOLUTE
    source\switch.c                          0x00000000   Number         0  switch.o ABSOLUTE
    .ARM.Collect$$$$00000000                 0x000000c0   Section        0  entry.o(.ARM.Collect$$$$00000000)
    .ARM.Collect$$$$00000001                 0x000000c0   Section        4  entry2.o(.ARM.Collect$$$$00000001)
    .ARM.Collect$$$$00000004                 0x000000c4   Section        4  entry5.o(.ARM.Collect$$$$00000004)
    .ARM.Collect$$$$00000008                 0x000000c8   Section        0  entry7b.o(.ARM.Collect$$$$00000008)
    .ARM.Collect$$$$0000000A                 0x000000c8   Section        0  entry8b.o(.ARM.Collect$$$$0000000A)
    .ARM.Collect$$$$0000000B                 0x000000c8   Section        8  entry9a.o(.ARM.Collect$$$$0000000B)
    .ARM.Collect$$$$0000000D                 0x000000d0   Section        0  entry10a.o(.ARM.Collect$$$$0000000D)
    .ARM.Collect$$$$0000000F                 0x000000d0   Section        0  entry11a.o(.ARM.Collect$$$$0000000F)
    .ARM.Collect$$$$00002712                 0x000000d0   Section        4  entry2.o(.ARM.Collect$$$$00002712)
    __lit__00000000                          0x000000d0   Data           4  entry2.o(.ARM.Collect$$$$00002712)
    .emb_text                                0x000000d4   Section       48  switch.o(.emb_text)
    .text                                    0x00000104   Section       36  startup_armcm3.o(.text)
    .text                                    0x00000128   Section       36  init.o(.text)
    i.IdleTaskEntry                          0x0000014c   Section        0  main.o(i.IdleTaskEntry)
    i.SysTick_Handler                        0x00000150   Section        0  switch.o(i.SysTick_Handler)
    i.SystemInit                             0x00000158   Section        0  system_armcm3.o(i.SystemInit)
    i.__scatterload_copy                     0x00000168   Section       14  handlers.o(i.__scatterload_copy)
    i.__scatterload_null                     0x00000176   Section        2  handlers.o(i.__scatterload_null)
    i.__scatterload_zeroinit                 0x00000178   Section       14  handlers.o(i.__scatterload_zeroinit)
    i.main                                   0x00000188   Section        0  main.o(i.main)
    i.tSetSysTickPeriod                      0x00000204   Section        0  switch.o(i.tSetSysTickPeriod)
    i.tTaskDelay                             0x0000025c   Section        0  switch.o(i.tTaskDelay)
    i.tTaskInit                              0x00000270   Section        0  main.o(i.tTaskInit)
    i.tTaskRunFirst                          0x000002f8   Section        0  switch.o(i.tTaskRunFirst)
    i.tTaskSched                             0x00000314   Section        0  switch.o(i.tTaskSched)
    i.tTaskSwitch                            0x000003c4   Section        0  switch.o(i.tTaskSwitch)
    i.tTaskSystemTickHandler                 0x000003d4   Section        0  switch.o(i.tTaskSystemTickHandler)
    i.task1Entry                             0x00000408   Section        0  main.o(i.task1Entry)
    i.task2Entry                             0x00000430   Section        0  main.o(i.task2Entry)
    .data                                    0x20000000   Section       52  main.o(.data)
    .data                                    0x20000034   Section        4  system_armcm3.o(.data)
    .bss                                     0x20000038   Section    12288  main.o(.bss)
    STACK                                    0x20003038   Section     1024  startup_armcm3.o(STACK)

    Global Symbols

    Symbol Name                              Value     Ov Type        Size  Object(Section)

    BuildAttributes$$THM_ISAv4$P$D$K$B$S$PE$A:L22UL41UL21$X:L11$S22US41US21$IEEE1$IW$USESV6$~STKCKD$USESV7$~SHL$OSPACE$EBA8$MICROLIB$REQ8$PRES8$EABIv2 0x00000000   Number         0  anon$$obj.o ABSOLUTE
    __ARM_use_no_argv                        0x00000000   Number         0  main.o ABSOLUTE
    __Vectors                                0x00000000   Data           4  startup_armcm3.o(RESET)
    __cpp_initialize__aeabi_                  - Undefined Weak Reference
    __cxa_finalize                            - Undefined Weak Reference
    __decompress                              - Undefined Weak Reference
    _clock_init                               - Undefined Weak Reference
    _microlib_exit                            - Undefined Weak Reference
    __Vectors_End                            0x000000c0   Data           0  startup_armcm3.o(RESET)
    __Vectors_Size                           0x000000c0   Number         0  startup_armcm3.o ABSOLUTE
    __main                                   0x000000c1   Thumb Code     0  entry.o(.ARM.Collect$$$$00000000)
    _main_stk                                0x000000c1   Thumb Code     0  entry2.o(.ARM.Collect$$$$00000001)
    _main_scatterload                        0x000000c5   Thumb Code     0  entry5.o(.ARM.Collect$$$$00000004)
    __main_after_scatterload                 0x000000c9   Thumb Code     0  entry5.o(.ARM.Collect$$$$00000004)
    _main_clock                              0x000000c9   Thumb Code     0  entry7b.o(.ARM.Collect$$$$00000008)
    _main_cpp_init                           0x000000c9   Thumb Code     0  entry8b.o(.ARM.Collect$$$$0000000A)
    _main_init                               0x000000c9   Thumb Code     0  entry9a.o(.ARM.Collect$$$$0000000B)
    __rt_final_cpp                           0x000000d1   Thumb Code     0  entry10a.o(.ARM.Collect$$$$0000000D)
    __rt_final_exit                          0x000000d1   Thumb Code     0  entry11a.o(.ARM.Collect$$$$0000000F)
    PendSV_Handler                           0x000000d5   Thumb Code    40  switch.o(.emb_text)
    Reset_Handler                            0x00000105   Thumb Code     8  startup_armcm3.o(.text)
    NMI_Handler                              0x0000010d   Thumb Code     2  startup_armcm3.o(.text)
    HardFault_Handler                        0x0000010f   Thumb Code     2  startup_armcm3.o(.text)
    MemManage_Handler                        0x00000111   Thumb Code     2  startup_armcm3.o(.text)
    BusFault_Handler                         0x00000113   Thumb Code     2  startup_armcm3.o(.text)
    UsageFault_Handler                       0x00000115   Thumb Code     2  startup_armcm3.o(.text)
    SVC_Handler                              0x00000117   Thumb Code     2  startup_armcm3.o(.text)
    DebugMon_Handler                         0x00000119   Thumb Code     2  startup_armcm3.o(.text)
    AACI_IRQHandler                          0x0000011f   Thumb Code     0  startup_armcm3.o(.text)
    CAN_IRQHandler                           0x0000011f   Thumb Code     0  startup_armcm3.o(.text)
    CHLCD_IRQHandler                         0x0000011f   Thumb Code     0  startup_armcm3.o(.text)
    CLCD_IRQHandler                          0x0000011f   Thumb Code     0  startup_armcm3.o(.text)
    CPU_CLCD_IRQHandler                      0x0000011f   Thumb Code     0  startup_armcm3.o(.text)
    ENET_IRQHandler                          0x0000011f   Thumb Code     0  startup_armcm3.o(.text)
    FLEXRAY_IRQHandler                       0x0000011f   Thumb Code     0  startup_armcm3.o(.text)
    I2C_IRQHandler                           0x0000011f   Thumb Code     0  startup_armcm3.o(.text)
    LIN_IRQHandler                           0x0000011f   Thumb Code     0  startup_armcm3.o(.text)
    MCIA_IRQHandler                          0x0000011f   Thumb Code     0  startup_armcm3.o(.text)
    MCIB_IRQHandler                          0x0000011f   Thumb Code     0  startup_armcm3.o(.text)
    RTC_IRQHandler                           0x0000011f   Thumb Code     0  startup_armcm3.o(.text)
    SPI_IRQHandler                           0x0000011f   Thumb Code     0  startup_armcm3.o(.text)
    TIM0_IRQHandler                          0x0000011f   Thumb Code     0  startup_armcm3.o(.text)
    TIM2_IRQHandler                          0x0000011f   Thumb Code     0  startup_armcm3.o(.text)
    UART0_IRQHandler                         0x0000011f   Thumb Code     0  startup_armcm3.o(.text)
    UART1_IRQHandler                         0x0000011f   Thumb Code     0  startup_armcm3.o(.text)
    UART2_IRQHandler                         0x0000011f   Thumb Code     0  startup_armcm3.o(.text)
    UART3_IRQHandler                         0x0000011f   Thumb Code     0  startup_armcm3.o(.text)
    UART4_IRQHandler                         0x0000011f   Thumb Code     0  startup_armcm3.o(.text)
    USBDC_IRQHandler                         0x0000011f   Thumb Code     0  startup_armcm3.o(.text)
    USBHC_IRQHandler                         0x0000011f   Thumb Code     0  startup_armcm3.o(.text)
    WDT_IRQHandler                           0x0000011f   Thumb Code     0  startup_armcm3.o(.text)
    __scatterload                            0x00000129   Thumb Code    28  init.o(.text)
    __scatterload_rt2                        0x00000129   Thumb Code     0  init.o(.text)
    IdleTaskEntry                            0x0000014d   Thumb Code     4  main.o(i.IdleTaskEntry)
    SysTick_Handler                          0x00000151   Thumb Code     8  switch.o(i.SysTick_Handler)
    SystemInit                               0x00000159   Thumb Code     8  system_armcm3.o(i.SystemInit)
    __scatterload_copy                       0x00000169   Thumb Code    14  handlers.o(i.__scatterload_copy)
    __scatterload_null                       0x00000177   Thumb Code     2  handlers.o(i.__scatterload_null)
    __scatterload_zeroinit                   0x00000179   Thumb Code    14  handlers.o(i.__scatterload_zeroinit)
    main                                     0x00000189   Thumb Code    74  main.o(i.main)
    tSetSysTickPeriod                        0x00000205   Thumb Code    74  switch.o(i.tSetSysTickPeriod)
    tTaskDelay                               0x0000025d   Thumb Code    16  switch.o(i.tTaskDelay)
    tTaskInit                                0x00000271   Thumb Code   136  main.o(i.tTaskInit)
    tTaskRunFirst                            0x000002f9   Thumb Code    24  switch.o(i.tTaskRunFirst)
    tTaskSched                               0x00000315   Thumb Code   158  switch.o(i.tTaskSched)
    tTaskSwitch                              0x000003c5   Thumb Code    10  switch.o(i.tTaskSwitch)
    tTaskSystemTickHandler                   0x000003d5   Thumb Code    46  switch.o(i.tTaskSystemTickHandler)
    task1Entry                               0x00000409   Thumb Code    34  main.o(i.task1Entry)
    task2Entry                               0x00000431   Thumb Code    28  main.o(i.task2Entry)
    Region$$Table$$Base                      0x00000450   Number         0  anon$$obj.o(Region$$Table)
    Region$$Table$$Limit                     0x00000470   Number         0  anon$$obj.o(Region$$Table)
    currentTask                              0x20000000   Data           4  main.o(.data)
    nextTask                                 0x20000004   Data           4  main.o(.data)
    taskTable                                0x20000008   Data           8  main.o(.data)
    idleTask                                 0x20000010   Data           4  main.o(.data)
    tTask1                                   0x20000014   Data           8  main.o(.data)
    tTask2                                   0x2000001c   Data           8  main.o(.data)
    tIdleTask                                0x20000024   Data           8  main.o(.data)
    task1Flag                                0x2000002c   Data           4  main.o(.data)
    task2Flag                                0x20000030   Data           4  main.o(.data)
    SystemCoreClock                          0x20000034   Data           4  system_armcm3.o(.data)
    task1Env                                 0x20000038   Data        4096  main.o(.bss)
    task2Env                                 0x20001038   Data        4096  main.o(.bss)
    idleTaskEnv                              0x20002038   Data        4096  main.o(.bss)
    __initial_sp                             0x20003438   Data           0  startup_armcm3.o(STACK)



==============================================================================

Memory Map of the image

  Image Entry point : 0x000000c1

  Load Region LR_IROM1 (Base: 0x00000000, Size: 0x000004a8, Max: 0x00040000, ABSOLUTE)

    Execution Region ER_IROM1 (Base: 0x00000000, Size: 0x00000470, Max: 0x00040000, ABSOLUTE)

    Base Addr    Size         Type   Attr      Idx    E Section Name        Object

    0x00000000   0x000000c0   Data   RO          143    RESET               startup_armcm3.o
    0x000000c0   0x00000000   Code   RO          191  * .ARM.Collect$$$$00000000  mc_w.l(entry.o)
    0x000000c0   0x00000004   Code   RO          194    .ARM.Collect$$$$00000001  mc_w.l(entry2.o)
    0x000000c4   0x00000004   Code   RO          197    .ARM.Collect$$$$00000004  mc_w.l(entry5.o)
    0x000000c8   0x00000000   Code   RO          199    .ARM.Collect$$$$00000008  mc_w.l(entry7b.o)
    0x000000c8   0x00000000   Code   RO          201    .ARM.Collect$$$$0000000A  mc_w.l(entry8b.o)
    0x000000c8   0x00000008   Code   RO          202    .ARM.Collect$$$$0000000B  mc_w.l(entry9a.o)
    0x000000d0   0x00000000   Code   RO          204    .ARM.Collect$$$$0000000D  mc_w.l(entry10a.o)
    0x000000d0   0x00000000   Code   RO          206    .ARM.Collect$$$$0000000F  mc_w.l(entry11a.o)
    0x000000d0   0x00000004   Code   RO          195    .ARM.Collect$$$$00002712  mc_w.l(entry2.o)
    0x000000d4   0x00000030   Code   RO           55    .emb_text           switch.o
    0x00000104   0x00000024   Code   RO          144    .text               startup_armcm3.o
    0x00000128   0x00000024   Code   RO          208    .text               mc_w.l(init.o)
    0x0000014c   0x00000004   Code   RO            1    i.IdleTaskEntry     main.o
    0x00000150   0x00000008   Code   RO           56    i.SysTick_Handler   switch.o
    0x00000158   0x00000010   Code   RO          152    i.SystemInit        system_armcm3.o
    0x00000168   0x0000000e   Code   RO          212    i.__scatterload_copy  mc_w.l(handlers.o)
    0x00000176   0x00000002   Code   RO          213    i.__scatterload_null  mc_w.l(handlers.o)
    0x00000178   0x0000000e   Code   RO          214    i.__scatterload_zeroinit  mc_w.l(handlers.o)
    0x00000186   0x00000002   PAD
    0x00000188   0x0000007c   Code   RO            2    i.main              main.o
    0x00000204   0x00000058   Code   RO           57    i.tSetSysTickPeriod  switch.o
    0x0000025c   0x00000014   Code   RO           58    i.tTaskDelay        switch.o
    0x00000270   0x00000088   Code   RO            3    i.tTaskInit         main.o
    0x000002f8   0x0000001c   Code   RO           59    i.tTaskRunFirst     switch.o
    0x00000314   0x000000b0   Code   RO           60    i.tTaskSched        switch.o
    0x000003c4   0x00000010   Code   RO           61    i.tTaskSwitch       switch.o
    0x000003d4   0x00000034   Code   RO           62    i.tTaskSystemTickHandler  switch.o
    0x00000408   0x00000028   Code   RO            4    i.task1Entry        main.o
    0x00000430   0x00000020   Code   RO            5    i.task2Entry        main.o
    0x00000450   0x00000020   Data   RO          210    Region$$Table       anon$$obj.o


    Execution Region RW_IRAM1 (Base: 0x20000000, Size: 0x00003438, Max: 0x00020000, ABSOLUTE)

    Base Addr    Size         Type   Attr      Idx    E Section Name        Object

    0x20000000   0x00000034   Data   RW            7    .data               main.o
    0x20000034   0x00000004   Data   RW          153    .data               system_armcm3.o
    0x20000038   0x00003000   Zero   RW            6    .bss                main.o
    0x20003038   0x00000400   Zero   RW          141    STACK               startup_armcm3.o


==============================================================================

Image component sizes


      Code (inc. data)   RO Data    RW Data    ZI Data      Debug   Object Name

       336         60          0         52      12288       8153   main.o
        36          8        192          0       1024        772   startup_armcm3.o
       436         60          0          0          0      33210   switch.o
        16          8          0          4          0        635   system_armcm3.o

    ----------------------------------------------------------------------
       824        136        224         56      13312      42770   Object Totals
         0          0         32          0          0          0   (incl. Generated)
         0          0          0          0          0          0   (incl. Padding)

    ----------------------------------------------------------------------

      Code (inc. data)   RO Data    RW Data    ZI Data      Debug   Library Member Name

         0          0          0          0          0          0   entry.o
         0          0          0          0          0          0   entry10a.o
         0          0          0          0          0          0   entry11a.o
         8          4          0          0          0          0   entry2.o
         4          0          0          0          0          0   entry5.o
         0          0          0          0          0          0   entry7b.o
         0          0          0          0          0          0   entry8b.o
         8          4          0          0          0          0   entry9a.o
        30          0          0          0          0          0   handlers.o
        36          8          0          0          0         68   init.o

    ----------------------------------------------------------------------
        88         16          0          0          0         68   Library Totals
         2          0          0          0          0          0   (incl. Padding)

    ----------------------------------------------------------------------

      Code (inc. data)   RO Data    RW Data    ZI Data      Debug   Library Name

        86         16          0          0          0         68   mc_w.l

    ----------------------------------------------------------------------
        88         16          0          0          0         68   Library Totals

    ----------------------------------------------------------------------

==============================================================================


      Code (inc. data)   RO Data    RW Data    ZI Data      Debug   

       912        152        224         56      13312      42470   Grand Totals
       912        152        224         56      13312      42470   ELF Image Totals
       912        152        224         56          0          0   ROM Totals

==============================================================================

    Total RO  Size (Code + RO Data)                 1136 (   1.11kB)
    Total RW  Size (RW Data + ZI Data)             13368 (  13.05kB)
    Total ROM Size (Code + RO Data + RW Data)       1192 (   1.16kB)

==============================================================================

